Component: ARM Compiler 5.06 update 7 (build 960) Tool: armlink [4d3601]

==============================================================================

Section Cross References

    startup_stm32f407xx.o(STACK) refers (Special) to heapauxi.o(.text) for __use_two_region_memory
    startup_stm32f407xx.o(HEAP) refers (Special) to heapauxi.o(.text) for __use_two_region_memory
    startup_stm32f407xx.o(RESET) refers (Special) to heapauxi.o(.text) for __use_two_region_memory
    startup_stm32f407xx.o(RESET) refers to startup_stm32f407xx.o(STACK) for __initial_sp
    startup_stm32f407xx.o(RESET) refers to startup_stm32f407xx.o(.text) for Reset_Handler
    startup_stm32f407xx.o(RESET) refers to stm32f4xx_it.o(i.NMI_Handler) for NMI_Handler
    startup_stm32f407xx.o(RESET) refers to stm32f4xx_it.o(i.HardFault_Handler) for HardFault_Handler
    startup_stm32f407xx.o(RESET) refers to stm32f4xx_it.o(i.MemManage_Handler) for MemManage_Handler
    startup_stm32f407xx.o(RESET) refers to stm32f4xx_it.o(i.BusFault_Handler) for BusFault_Handler
    startup_stm32f407xx.o(RESET) refers to stm32f4xx_it.o(i.UsageFault_Handler) for UsageFault_Handler
    startup_stm32f407xx.o(RESET) refers to stm32f4xx_it.o(i.SVC_Handler) for SVC_Handler
    startup_stm32f407xx.o(RESET) refers to stm32f4xx_it.o(i.DebugMon_Handler) for DebugMon_Handler
    startup_stm32f407xx.o(RESET) refers to stm32f4xx_it.o(i.PendSV_Handler) for PendSV_Handler
    startup_stm32f407xx.o(RESET) refers to stm32f4xx_it.o(i.SysTick_Handler) for SysTick_Handler
    startup_stm32f407xx.o(RESET) refers to stm32f4xx_it.o(i.EXTI4_IRQHandler) for EXTI4_IRQHandler
    startup_stm32f407xx.o(RESET) refers to stm32f4xx_it.o(i.DMA1_Stream1_IRQHandler) for DMA1_Stream1_IRQHandler
    startup_stm32f407xx.o(RESET) refers to stm32f4xx_it.o(i.DMA1_Stream3_IRQHandler) for DMA1_Stream3_IRQHandler
    startup_stm32f407xx.o(RESET) refers to stm32f4xx_it.o(i.CAN1_TX_IRQHandler) for CAN1_TX_IRQHandler
    startup_stm32f407xx.o(RESET) refers to stm32f4xx_it.o(i.CAN1_RX0_IRQHandler) for CAN1_RX0_IRQHandler
    startup_stm32f407xx.o(RESET) refers to stm32f4xx_it.o(i.EXTI9_5_IRQHandler) for EXTI9_5_IRQHandler
    startup_stm32f407xx.o(RESET) refers to stm32f4xx_it.o(i.TIM1_UP_TIM10_IRQHandler) for TIM1_UP_TIM10_IRQHandler
    startup_stm32f407xx.o(RESET) refers to stm32f4xx_it.o(i.USART2_IRQHandler) for USART2_IRQHandler
    startup_stm32f407xx.o(RESET) refers to stm32f4xx_it.o(i.USART3_IRQHandler) for USART3_IRQHandler
    startup_stm32f407xx.o(RESET) refers to stm32f4xx_it.o(i.EXTI15_10_IRQHandler) for EXTI15_10_IRQHandler
    startup_stm32f407xx.o(RESET) refers to stm32f4xx_it.o(i.CAN2_TX_IRQHandler) for CAN2_TX_IRQHandler
    startup_stm32f407xx.o(RESET) refers to stm32f4xx_it.o(i.CAN2_RX0_IRQHandler) for CAN2_RX0_IRQHandler
    startup_stm32f407xx.o(.text) refers (Special) to heapauxi.o(.text) for __use_two_region_memory
    startup_stm32f407xx.o(.text) refers to system_stm32f4xx.o(i.SystemInit) for SystemInit
    startup_stm32f407xx.o(.text) refers to __main.o(!!!main) for __main
    startup_stm32f407xx.o(.text) refers to startup_stm32f407xx.o(HEAP) for Heap_Mem
    startup_stm32f407xx.o(.text) refers to startup_stm32f407xx.o(STACK) for Stack_Mem
    bsp_can.o(i.CAN1_cmd_chassis) refers to stm32f4xx_hal_can.o(i.HAL_CAN_AddTxMessage) for HAL_CAN_AddTxMessage
    bsp_can.o(i.CAN1_cmd_chassis) refers to bsp_can.o(.bss) for .bss
    bsp_can.o(i.CAN1_cmd_chassis) refers to bsp_can.o(.data) for .data
    bsp_can.o(i.CAN1_cmd_chassis) refers to can.o(.bss) for hcan1
    bsp_can.o(i.CAN2_cmd_chassis) refers to stm32f4xx_hal_can.o(i.HAL_CAN_AddTxMessage) for HAL_CAN_AddTxMessage
    bsp_can.o(i.CAN2_cmd_chassis) refers to bsp_can.o(.bss) for .bss
    bsp_can.o(i.CAN2_cmd_chassis) refers to bsp_can.o(.data) for .data
    bsp_can.o(i.CAN2_cmd_chassis) refers to can.o(.bss) for hcan2
    bsp_can.o(i.HAL_CAN_RxFifo0MsgPendingCallback) refers to stm32f4xx_hal_can.o(i.HAL_CAN_GetRxMessage) for HAL_CAN_GetRxMessage
    bsp_can.o(i.HAL_CAN_RxFifo0MsgPendingCallback) refers to bsp_can.o(i.circle_cc) for circle_cc
    bsp_can.o(i.HAL_CAN_RxFifo0MsgPendingCallback) refers to stm32f4xx_hal_can.o(i.HAL_CAN_ActivateNotification) for HAL_CAN_ActivateNotification
    bsp_can.o(i.HAL_CAN_RxFifo0MsgPendingCallback) refers to can.o(.bss) for hcan1
    bsp_can.o(i.HAL_CAN_RxFifo0MsgPendingCallback) refers to bsp_can.o(.data) for .data
    bsp_can.o(i.HAL_CAN_RxFifo0MsgPendingCallback) refers to bsp_can.o(.bss) for .bss
    bsp_can.o(i.can_filter_init) refers to stm32f4xx_hal_can.o(i.HAL_CAN_ConfigFilter) for HAL_CAN_ConfigFilter
    bsp_can.o(i.can_filter_init) refers to stm32f4xx_hal_can.o(i.HAL_CAN_Start) for HAL_CAN_Start
    bsp_can.o(i.can_filter_init) refers to stm32f4xx_hal_can.o(i.HAL_CAN_ActivateNotification) for HAL_CAN_ActivateNotification
    bsp_can.o(i.can_filter_init) refers to can.o(.bss) for hcan1
    bsp_can.o(i.get_chassis_motor_measure_point) refers to bsp_can.o(.bss) for .bss
[...]
    i.pid3508                                0x08006154   Section        0  motorctrl.o(i.pid3508)
    i.pidctl_initialize                      0x0800618c   Section        0  pidctl.o(i.pidctl_initialize)
    i.pidctl_step                            0x08006190   Section        0  pidctl.o(i.pidctl_step)
    i.sqrt                                   0x080065c8   Section        0  sqrt.o(i.sqrt)
    x$fpl$basic                              0x08006636   Section       24  basic.o(x$fpl$basic)
    $v0                                      0x08006636   Number         0  basic.o(x$fpl$basic)
    x$fpl$dadd                               0x08006650   Section      336  daddsub_clz.o(x$fpl$dadd)
    $v0                                      0x08006650   Number         0  daddsub_clz.o(x$fpl$dadd)
    _dadd1                                   0x08006661   Thumb Code     0  daddsub_clz.o(x$fpl$dadd)
    x$fpl$dcheck1                            0x080067a0   Section       16  dcheck1.o(x$fpl$dcheck1)
    $v0                                      0x080067a0   Number         0  dcheck1.o(x$fpl$dcheck1)
    x$fpl$dcmpinf                            0x080067b0   Section       24  dcmpi.o(x$fpl$dcmpinf)
    $v0                                      0x080067b0   Number         0  dcmpi.o(x$fpl$dcmpinf)
    x$fpl$ddiv                               0x080067c8   Section      688  ddiv.o(x$fpl$ddiv)
    $v0                                      0x080067c8   Number         0  ddiv.o(x$fpl$ddiv)
    ddiv_entry                               0x080067cf   Thumb Code     0  ddiv.o(x$fpl$ddiv)
    x$fpl$deqf                               0x08006a78   Section      120  deqf.o(x$fpl$deqf)
    $v0                                      0x08006a78   Number         0  deqf.o(x$fpl$deqf)
    x$fpl$dfix                               0x08006af0   Section       94  dfix.o(x$fpl$dfix)
    $v0                                      0x08006af0   Number         0  dfix.o(x$fpl$dfix)
    x$fpl$dflt                               0x08006b4e   Section       46  dflt_clz.o(x$fpl$dflt)
    $v0                                      0x08006b4e   Number         0  dflt_clz.o(x$fpl$dflt)
    x$fpl$dfltu                              0x08006b7c   Section       38  dflt_clz.o(x$fpl$dfltu)
    $v0                                      0x08006b7c   Number         0  dflt_clz.o(x$fpl$dfltu)
    x$fpl$dleqf                              0x08006ba4   Section      120  dleqf.o(x$fpl$dleqf)
    $v0                                      0x08006ba4   Number         0  dleqf.o(x$fpl$dleqf)
    x$fpl$dmul                               0x08006c1c   Section      340  dmul.o(x$fpl$dmul)
    $v0                                      0x08006c1c   Number         0  dmul.o(x$fpl$dmul)
    x$fpl$dnaninf                            0x08006d70   Section      156  dnaninf.o(x$fpl$dnaninf)
    $v0                                      0x08006d70   Number         0  dnaninf.o(x$fpl$dnaninf)
    x$fpl$dretinf                            0x08006e0c   Section       12  dretinf.o(x$fpl$dretinf)
    $v0                                      0x08006e0c   Number         0  dretinf.o(x$fpl$dretinf)
    x$fpl$drleqf                             0x08006e18   Section      108  drleqf.o(x$fpl$drleqf)
    $v0                                      0x08006e18   Number         0  drleqf.o(x$fpl$drleqf)
    x$fpl$drsb                               0x08006e84   Section       22  daddsub_clz.o(x$fpl$drsb)
    $v0                                      0x08006e84   Number         0  daddsub_clz.o(x$fpl$drsb)
    x$fpl$dsqrt                              0x08006e9c   Section      408  dsqrt_umaal.o(x$fpl$dsqrt)
    $v0                                      0x08006e9c   Number         0  dsqrt_umaal.o(x$fpl$dsqrt)
    x$fpl$dsub                               0x08007034   Section      468  daddsub_clz.o(x$fpl$dsub)
    $v0                                      0x08007034   Number         0  daddsub_clz.o(x$fpl$dsub)
    _dsub1                                   0x08007045   Thumb Code     0  daddsub_clz.o(x$fpl$dsub)
    x$fpl$fpinit                             0x08007208   Section       10  fpinit.o(x$fpl$fpinit)
    $v0                                      0x08007208   Number         0  fpinit.o(x$fpl$fpinit)
    x$fpl$retnan                             0x08007212   Section      100  retnan.o(x$fpl$retnan)
    $v0                                      0x08007212   Number         0  retnan.o(x$fpl$retnan)
    x$fpl$scalbn                             0x08007276   Section       92  scalbn.o(x$fpl$scalbn)
    $v0                                      0x08007276   Number         0  scalbn.o(x$fpl$scalbn)
    x$fpl$trapveneer                         0x080072d2   Section       48  trapv.o(x$fpl$trapveneer)
    $v0                                      0x080072d2   Number         0  trapv.o(x$fpl$trapveneer)
    .constdata                               0x08007302   Section        8  stm32f4xx_hal_dma.o(.constdata)
    x$fpl$usenofp                            0x08007302   Section        0  usenofp.o(x$fpl$usenofp)
    flagBitshiftOffset                       0x08007302   Data           8  stm32f4xx_hal_dma.o(.constdata)
    .constdata                               0x0800730a   Section       16  system_stm32f4xx.o(.constdata)
    .constdata                               0x0800731a   Section        8  system_stm32f4xx.o(.constdata)
    .constdata                               0x08007328   Section      152  atan.o(.constdata)
    atanhi                                   0x08007328   Data          32  atan.o(.constdata)
    atanlo                                   0x08007348   Data          32  atan.o(.constdata)
    aTodd                                    0x08007368   Data          40  atan.o(.constdata)
    aTeven                                   0x08007390   Data          48  atan.o(.constdata)
    .constdata                               0x080073c0   Section      136  pow.o(.constdata)
    bp                                       0x080073c0   Data          16  pow.o(.constdata)
    dp_h                                     0x080073d0   Data          16  pow.o(.constdata)
    dp_l                                     0x080073e0   Data          16  pow.o(.constdata)
    L                                        0x080073f0   Data          48  pow.o(.constdata)
    P                                        0x08007420   Data          40  pow.o(.constdata)
    .constdata                               0x08007448   Section       48  cos_i.o(.constdata)
    C                                        0x08007448   Data          48  cos_i.o(.constdata)
    .constdata                               0x08007478   Section        8  qnan.o(.constdata)
    .constdata                               0x08007480   Section      200  rred.o(.constdata)
    pio2s                                    0x08007480   Data          48  rred.o(.constdata)
    twooverpi                                0x080074b0   Data         152  rred.o(.constdata)
    .constdata                               0x08007548   Section       40  sin_i.o(.constdata)
    S                                        0x08007548   Data          40  sin_i.o(.constdata)
    .data                                    0x20000000   Section       18  bsp_can.o(.data)
    i                                        0x20000000   Data           1  bsp_can.o(.data)
    i                                        0x20000001   Data           1  bsp_can.o(.data)
    chassis_can_send_data                    0x20000002   Data           8  bsp_can.o(.data)
    chassis_can_send_data1                   0x2000000a   Data           8  bsp_can.o(.data)
    .data                                    0x20000018   Section      128  main.o(.data)
    .data                                    0x20000098   Section        2  main.o(.data)
    .data                                    0x2000009a   Section        2  main.o(.data)
    .data                                    0x2000009c   Section        1  main.o(.data)
    .data                                    0x2000009d   Section        1  main.o(.data)
    .data                                    0x2000009e   Section        1  main.o(.data)
    .data                                    0x200000a0   Section        4  can.o(.data)
    HAL_RCC_CAN1_CLK_ENABLED                 0x200000a0   Data           4  can.o(.data)
    .data                                    0x200000a4   Section       12  stm32f4xx_hal.o(.data)
    .data                                    0x200000b0   Section        4  system_stm32f4xx.o(.data)
    .data                                    0x200000b8   Section        8  motorctrl.o(.data)
    .bss                                     0x200000c0   Section      304  bsp_can.o(.bss)
    motor_chassis                            0x200000c0   Data         112  bsp_can.o(.bss)
    motor_chassis1                           0x20000130   Data         112  bsp_can.o(.bss)
    chassis_tx_message                       0x200001c0   Data          24  bsp_can.o(.bss)
    chassis_tx_message1                      0x200001d8   Data          24  bsp_can.o(.bss)
    .bss                                     0x200001f0   Section      113  main.o(.bss)
    .bss                                     0x20000264   Section       32  gpio.o(.bss)
    .bss                                     0x20000284   Section       80  can.o(.bss)
    .bss                                     0x200002d4   Section       12  iwdg.o(.bss)
    .bss                                     0x200002e0   Section       72  tim.o(.bss)
    .bss                                     0x20000328   Section      328  usart.o(.bss)
    .bss                                     0x20000470   Section      224  motorctrl.o(.bss)
    .bss                                     0x20000550   Section      704  pidctl.o(.bss)
    .bss                                     0x20000810   Section      144  pidctl_data.o(.bss)
    .bss                                     0x200008a0   Section       96  libspace.o(.bss)
    HEAP                                     0x20000900   Section      512  startup_stm32f407xx.o(HEAP)
    Heap_Mem                                 0x20000900   Data         512  startup_stm32f407xx.o(HEAP)
    STACK                                    0x20000b00   Section     1024  startup_stm32f407xx.o(STACK)
    Stack_Mem                                0x20000b00   Data        1024  startup_stm32f407xx.o(STACK)
    __initial_sp                             0x20000f00   Data           0  startup_stm32f407xx.o(STACK)

    Global Symbols

    Symbol Name                              Value     Ov Type        Size  Object(Section)

    BuildAttributes$$THM_ISAv4$E$P$D$K$B$S$7EM$VFPi3$EXTD16$VFPS$VFMA$PE$A:L22UL41UL21$X:L11$S22US41US21$IEEE1$IW$USESV6$~STKCKD$USESV7$~SHL$OTIME$ROPI$IEEEX$EBA8$UX$STANDARDLIB$REQ8$PRES8$EABIv2 0x00000000   Number         0  anon$$obj.o ABSOLUTE
    __ARM_use_no_argv                        0x00000000   Number         0  main.o ABSOLUTE
    __ARM_exceptions_init                     - Undefined Weak Reference
    __alloca_initialize                       - Undefined Weak Reference
    __arm_fini_                               - Undefined Weak Reference
    __arm_preinit_                            - Undefined Weak Reference
    __cpp_initialize__aeabi_                  - Undefined Weak Reference
    __cxa_finalize                            - Undefined Weak Reference
    __rt_locale                               - Undefined Weak Reference
    __sigvec_lookup                           - Undefined Weak Reference
    _atexit_init                              - Undefined Weak Reference
    _call_atexit_fns                          - Undefined Weak Reference
    _clock_init                               - Undefined Weak Reference
    _fp_trap_init                             - Undefined Weak Reference
    _fp_trap_shutdown                         - Undefined Weak Reference
    _get_lc_collate                           - Undefined Weak Reference
    _get_lc_ctype                             - Undefined Weak Reference
    _get_lc_monetary                          - Undefined Weak Reference
    _get_lc_numeric                           - Undefined Weak Reference
    _get_lc_time                              - Undefined Weak Reference
    _getenv_init                              - Undefined Weak Reference
    _handle_redirection                       - Undefined Weak Reference
    _init_alloc                               - Undefined Weak Reference
    _init_user_alloc                          - Undefined Weak Reference
    _initio                                   - Undefined Weak Reference
    _rand_init                                - Undefined Weak Reference
    _signal_finish                            - Undefined Weak Reference
    _signal_init                              - Undefined Weak Reference
    _terminate_alloc                          - Undefined Weak Reference
    _terminate_user_alloc                     - Undefined Weak Reference
    _terminateio                              - Undefined Weak Reference
    __Vectors_Size                           0x00000188   Number         0  startup_stm32f407xx.o ABSOLUTE
    __Vectors                                0x08000000   Data           4  startup_stm32f407xx.o(RESET)
    __Vectors_End                            0x08000188   Data           0  startup_stm32f407xx.o(RESET)
    __main                                   0x08000189   Thumb Code     8  __main.o(!!!main)
    __scatterload                            0x08000191   Thumb Code     0  __scatter.o(!!!scatter)
    __scatterload_rt2                        0x08000191   Thumb Code    44  __scatter.o(!!!scatter)
    __scatterload_rt2_thumb_only             0x08000191   Thumb Code     0  __scatter.o(!!!scatter)
    __scatterload_null                       0x0800019f   Thumb Code     0  __scatter.o(!!!scatter)
    __scatterload_copy                       0x080001c5   Thumb Code    26  __scatter_copy.o(!!handler_copy)
    __scatterload_zeroinit                   0x080001e1   Thumb Code    28  __scatter_zi.o(!!handler_zi)
    __rt_lib_init                            0x080001fd   Thumb Code     0  libinit.o(.ARM.Collect$$libinit$$00000000)
    __rt_lib_init_fp_1                       0x080001ff   Thumb Code     0  libinit2.o(.ARM.Collect$$libinit$$00000001)
    __rt_lib_init_alloca_1                   0x08000203   Thumb Code     0  libinit2.o(.ARM.Collect$$libinit$$0000002E)
    __rt_lib_init_argv_1                     0x08000203   Thumb Code     0  libinit2.o(.ARM.Collect$$libinit$$0000002C)
    __rt_lib_init_atexit_1                   0x08000203   Thumb Code     0  libinit2.o(.ARM.Collect$$libinit$$0000001B)
    __rt_lib_init_clock_1                    0x08000203   Thumb Code     0  libinit2.o(.ARM.Collect$$libinit$$00000021)
    __rt_lib_init_cpp_1                      0x08000203   Thumb Code     0  libinit2.o(.ARM.Collect$$libinit$$00000032)
    __rt_lib_init_exceptions_1               0x08000203   Thumb Code     0  libinit2.o(.ARM.Collect$$libinit$$00000030)
    __rt_lib_init_fp_trap_1                  0x08000203   Thumb Code     0  libinit2.o(.ARM.Collect$$libinit$$0000001F)
    __rt_lib_init_getenv_1                   0x08000203   Thumb Code     0  libinit2.o(.ARM.Collect$$libinit$$00000023)
    __rt_lib_init_heap_1                     0x08000203   Thumb Code     0  libinit2.o(.ARM.Collect$$libinit$$0000000A)
    __rt_lib_init_lc_collate_1               0x08000203   Thumb Code     0  libinit2.o(.ARM.Collect$$libinit$$00000011)
    __rt_lib_init_lc_ctype_1                 0x08000203   Thumb Code     0  libinit2.o(.ARM.Collect$$libinit$$00000013)
    __rt_lib_init_lc_monetary_1              0x08000203   Thumb Code     0  libinit2.o(.ARM.Collect$$libinit$$00000015)
    __rt_lib_init_lc_numeric_1               0x08000203   Thumb Code     0  libinit2.o(.ARM.Collect$$libinit$$00000017)
    __rt_lib_init_lc_time_1                  0x08000203   Thumb Code     0  libinit2.o(.ARM.Collect$$libinit$$00000019)
    __rt_lib_init_preinit_1                  0x08000203   Thumb Code     0  libinit2.o(.ARM.Collect$$libinit$$00000004)
    __rt_lib_init_rand_1                     0x08000203   Thumb Code     0  libinit2.o(.ARM.Collect$$libinit$$0000000E)
    __rt_lib_init_return                     0x08000203   Thumb Code     0  libinit2.o(.ARM.Collect$$libinit$$00000033)
    __rt_lib_init_signal_1                   0x08000203   Thumb Code     0  libinit2.o(.ARM.Collect$$libinit$$0000001D)
    __rt_lib_init_stdio_1                    0x08000203   Thumb Code     0  libinit2.o(.ARM.Collect$$libinit$$00000025)
    __rt_lib_init_user_alloc_1               0x08000203   Thumb Code     0  libinit2.o(.ARM.Collect$$libinit$$0000000C)
    __rt_lib_shutdown                        0x08000205   Thumb Code     0  libshutdown.o(.ARM.Collect$$libshutdown$$00000000)
    __rt_lib_shutdown_cpp_1                  0x08000207   Thumb Code     0  libshutdown2.o(.ARM.Collect$$libshutdown$$00000004)
    __rt_lib_shutdown_fini_1                 0x08000207   Thumb Code     0  libshutdown2.o(.ARM.Collect$$libshutdown$$00000002)
    __rt_lib_shutdown_fp_trap_1              0x08000207   Thumb Code     0  libshutdown2.o(.ARM.Collect$$libshutdown$$00000009)
    __rt_lib_shutdown_heap_1                 0x08000207   Thumb Code     0  libshutdown2.o(.ARM.Collect$$libshutdown$$00000011)
    __rt_lib_shutdown_return                 0x08000207   Thumb Code     0  libshutdown2.o(.ARM.Collect$$libshutdown$$00000012)
    __rt_lib_shutdown_signal_1               0x08000207   Thumb Code     0  libshutdown2.o(.ARM.Collect$$libshutdown$$0000000C)
    __rt_lib_shutdown_stdio_1                0x08000207   Thumb Code     0  libshutdown2.o(.ARM.Collect$$libshutdown$$00000006)
    __rt_lib_shutdown_user_alloc_1           0x08000207   Thumb Code     0  libshutdown2.o(.ARM.Collect$$libshutdown$$0000000E)
    __rt_entry                               0x08000209   Thumb Code     0  __rtentry.o(.ARM.Collect$$rtentry$$00000000)
    __rt_entry_presh_1                       0x08000209   Thumb Code     0  __rtentry2.o(.ARM.Collect$$rtentry$$00000002)
    __rt_entry_sh                            0x08000209   Thumb Code     0  __rtentry4.o(.ARM.Collect$$rtentry$$00000004)
    __rt_entry_li                            0x0800020f   Thumb Code     0  __rtentry2.o(.ARM.Collect$$rtentry$$0000000A)
    __rt_entry_postsh_1                      0x0800020f   Thumb Code     0  __rtentry2.o(.ARM.Collect$$rtentry$$00000009)
    __rt_entry_main                          0x08000213   Thumb Code     0  __rtentry2.o(.ARM.Collect$$rtentry$$0000000D)
    __rt_entry_postli_1                      0x08000213   Thumb Code     0  __rtentry2.o(.ARM.Collect$$rtentry$$0000000C)
    __rt_exit                                0x0800021b   Thumb Code     0  rtexit.o(.ARM.Collect$$rtexit$$00000000)
    __rt_exit_ls                             0x0800021d   Thumb Code     0  rtexit2.o(.ARM.Collect$$rtexit$$00000003)
    __rt_exit_prels_1                        0x0800021d   Thumb Code     0  rtexit2.o(.ARM.Collect$$rtexit$$00000002)
    __rt_exit_exit                           0x08000221   Thumb Code     0  rtexit2.o(.ARM.Collect$$rtexit$$00000004)
    Reset_Handler                            0x08000229   Thumb Code     8  startup_stm32f407xx.o(.text)
    ADC_IRQHandler                           0x08000243   Thumb Code     0  startup_stm32f407xx.o(.text)
    CAN1_RX1_IRQHandler                      0x08000243   Thumb Code     0  startup_stm32f407xx.o(.text)
    CAN1_SCE_IRQHandler                      0x08000243   Thumb Code     0  startup_stm32f407xx.o(.text)
    CAN2_RX1_IRQHandler                      0x08000243   Thumb Code     0  startup_stm32f407xx.o(.text)
    CAN2_SCE_IRQHandler                      0x08000243   Thumb Code     0  startup_stm32f407xx.o(.text)
    DCMI_IRQHandler                          0x08000243   Thumb Code     0  startup_stm32f407xx.o(.text)
    DMA1_Stream0_IRQHandler                  0x08000243   Thumb Code     0  startup_stm32f407xx.o(.text)
    DMA1_Stream2_IRQHandler                  0x08000243   Thumb Code     0  startup_stm32f407xx.o(.text)
    DMA1_Stream4_IRQHandler                  0x08000243   Thumb Code     0  startup_stm32f407xx.o(.text)
    DMA1_Stream5_IRQHandler                  0x08000243   Thumb Code     0  startup_stm32f407xx.o(.text)
    DMA1_Stream6_IRQHandler                  0x08000243   Thumb Code     0  startup_stm32f407xx.o(.text)
    DMA1_Stream7_IRQHandler                  0x08000243   Thumb Code     0  startup_stm32f407xx.o(.text)
    DMA2_Stream0_IRQHandler                  0x08000243   Thumb Code     0  startup_stm32f407xx.o(.text)
    DMA2_Stream1_IRQHandler                  0x08000243   Thumb Code     0  startup_stm32f407xx.o(.text)
    DMA2_Stream2_IRQHandler                  0x08000243   Thumb Code     0  startup_stm32f407xx.o(.text)
    DMA2_Stream3_IRQHandler                  0x08000243   Thumb Code     0  startup_stm32f407xx.o(.text)
    DMA2_Stream4_IRQHandler                  0x08000243   Thumb Code     0  startup_stm32f407xx.o(.text)
    DMA2_Stream5_IRQHandler                  0x08000243   Thumb Code     0  startup_stm32f407xx.o(.text)
    DMA2_Stream6_IRQHandler                  0x08000243   Thumb Code     0  startup_stm32f407xx.o(.text)
    DMA2_Stream7_IRQHandler                  0x08000243   Thumb Code     0  startup_stm32f407xx.o(.text)
    ETH_IRQHandler                           0x08000243   Thumb Code     0  startup_stm32f407xx.o(.text)
    ETH_WKUP_IRQHandler                      0x08000243   Thumb Code     0  startup_stm32f407xx.o(.text)
    EXTI0_IRQHandler                         0x08000243   Thumb Code     0  startup_stm32f407xx.o(.text)
    EXTI1_IRQHandler                         0x08000243   Thumb Code     0  startup_stm32f407xx.o(.text)
    EXTI2_IRQHandler                         0x08000243   Thumb Code     0  startup_stm32f407xx.o(.text)
    EXTI3_IRQHandler                         0x08000243   Thumb Code     0  startup_stm32f407xx.o(.text)
    FLASH_IRQHandler                         0x08000243   Thumb Code     0  startup_stm32f407xx.o(.text)
    FMC_IRQHandler                           0x08000243   Thumb Code     0  startup_stm32f407xx.o(.text)
    FPU_IRQHandler                           0x08000243   Thumb Code     0  startup_stm32f407xx.o(.text)
    HASH_RNG_IRQHandler                      0x08000243   Thumb Code     0  startup_stm32f407xx.o(.text)
    I2C1_ER_IRQHandler                       0x08000243   Thumb Code     0  startup_stm32f407xx.o(.text)
    I2C1_EV_IRQHandler                       0x08000243   Thumb Code     0  startup_stm32f407xx.o(.text)
    I2C2_ER_IRQHandler                       0x08000243   Thumb Code     0  startup_stm32f407xx.o(.text)
    I2C2_EV_IRQHandler                       0x08000243   Thumb Code     0  startup_stm32f407xx.o(.text)
    I2C3_ER_IRQHandler                       0x08000243   Thumb Code     0  startup_stm32f407xx.o(.text)
    I2C3_EV_IRQHandler                       0x08000243   Thumb Code     0  startup_stm32f407xx.o(.text)
    OTG_FS_IRQHandler                        0x08000243   Thumb Code     0  startup_stm32f407xx.o(.text)
    OTG_FS_WKUP_IRQHandler                   0x08000243   Thumb Code     0  startup_stm32f407xx.o(.text)
    OTG_HS_EP1_IN_IRQHandler                 0x08000243   Thumb Code     0  startup_stm32f407xx.o(.text)
    OTG_HS_EP1_OUT_IRQHandler                0x08000243   Thumb Code     0  startup_stm32f407xx.o(.text)
    OTG_HS_IRQHandler                        0x08000243   Thumb Code     0  startup_stm32f407xx.o(.text)
    OTG_HS_WKUP_IRQHandler                   0x08000243   Thumb Code     0  startup_stm32f407xx.o(.text)
    PVD_IRQHandler                           0x08000243   Thumb Code     0  startup_stm32f407xx.o(.text)
    RCC_IRQHandler                           0x08000243   Thumb Code     0  startup_stm32f407xx.o(.text)
    RTC_Alarm_IRQHandler                     0x08000243   Thumb Code     0  startup_stm32f407xx.o(.text)
    RTC_WKUP_IRQHandler                      0x08000243   Thumb Code     0  startup_stm32f407xx.o(.text)
    SDIO_IRQHandler                          0x08000243   Thumb Code     0  startup_stm32f407xx.o(.text)
    SPI1_IRQHandler                          0x08000243   Thumb Code     0  startup_stm32f407xx.o(.text)
    SPI2_IRQHandler                          0x08000243   Thumb Code     0  startup_stm32f407xx.o(.text)
    SPI3_IRQHandler                          0x08000243   Thumb Code     0  startup_stm32f407xx.o(.text)
    TAMP_STAMP_IRQHandler                    0x08000243   Thumb Code     0  startup_stm32f407xx.o(.text)
    TIM1_BRK_TIM9_IRQHandler                 0x08000243   Thumb Code     0  startup_stm32f407xx.o(.text)
    TIM1_CC_IRQHandler                       0x08000243   Thumb Code     0  startup_stm32f407xx.o(.text)
    TIM1_TRG_COM_TIM11_IRQHandler            0x08000243   Thumb Code     0  startup_stm32f407xx.o(.text)
    TIM2_IRQHandler                          0x08000243   Thumb Code     0  startup_stm32f407xx.o(.text)
    TIM3_IRQHandler                          0x08000243   Thumb Code     0  startup_stm32f407xx.o(.text)
    TIM4_IRQHandler                          0x08000243   Thumb Code     0  startup_stm32f407xx.o(.text)
    TIM5_IRQHandler                          0x08000243   Thumb Code     0  startup_stm32f407xx.o(.text)
    TIM6_DAC_IRQHandler                      0x08000243   Thumb Code     0  startup_stm32f407xx.o(.text)
    TIM7_IRQHandler                          0x08000243   Thumb Code     0  startup_stm32f407xx.o(.text)
    TIM8_BRK_TIM12_IRQHandler                0x08000243   Thumb Code     0  startup_stm32f407xx.o(.text)
    TIM8_CC_IRQHandler                       0x08000243   Thumb Code     0  startup_stm32f407xx.o(.text)
    TIM8_TRG_COM_TIM14_IRQHandler            0x08000243   Thumb Code     0  startup_stm32f407xx.o(.text)
    TIM8_UP_TIM13_IRQHandler                 0x08000243   Thumb Code     0  startup_stm32f407xx.o(.text)
    UART4_IRQHandler                         0x08000243   Thumb Code     0  startup_stm32f407xx.o(.text)
    UART5_IRQHandler                         0x08000243   Thumb Code     0  startup_stm32f407xx.o(.text)
    USART1_IRQHandler                        0x08000243   Thumb Code     0  startup_stm32f407xx.o(.text)
    USART6_IRQHandler                        0x08000243   Thumb Code     0  startup_stm32f407xx.o(.text)
    WWDG_IRQHandler                          0x08000243   Thumb Code     0  startup_stm32f407xx.o(.text)
    __user_initial_stackheap                 0x08000245   Thumb Code     0  startup_stm32f407xx.o(.text)
    __aeabi_uldivmod                         0x08000269   Thumb Code     0  lludivv7m.o(.text)
    _ll_udiv                                 0x08000269   Thumb Code   238  lludivv7m.o(.text)
    __aeabi_memclr4                          0x08000357   Thumb Code     0  rt_memclr_w.o(.text)
    __aeabi_memclr8                          0x08000357   Thumb Code     0  rt_memclr_w.o(.text)
    __rt_memclr_w                            0x08000357   Thumb Code    78  rt_memclr_w.o(.text)
    _memset_w                                0x0800035b   Thumb Code     0  rt_memclr_w.o(.text)
    __use_two_region_memory                  0x080003a5   Thumb Code     2  heapauxi.o(.text)
    __rt_heap_escrow$2region                 0x080003a7   Thumb Code     2  heapauxi.o(.text)
    __rt_heap_expand$2region                 0x080003a9   Thumb Code     2  heapauxi.o(.text)
    __read_errno                             0x080003ab   Thumb Code    10  _rserrno.o(.text)
    __set_errno                              0x080003b5   Thumb Code    12  _rserrno.o(.text)
    __aeabi_errno_addr                       0x080003c1   Thumb Code     8  rt_errno_addr_intlibspace.o(.text)
    __errno$intlibspace                      0x080003c1   Thumb Code     0  rt_errno_addr_intlibspace.o(.text)
    __rt_errno_addr$intlibspace              0x080003c1   Thumb Code     0  rt_errno_addr_intlibspace.o(.text)
    __user_libspace                          0x080003c9   Thumb Code     8  libspace.o(.text)
    __user_perproc_libspace                  0x080003c9   Thumb Code     0  libspace.o(.text)
    __user_perthread_libspace                0x080003c9   Thumb Code     0  libspace.o(.text)
    __user_setup_stackheap                   0x080003d1   Thumb Code    74  sys_stackheap_outer.o(.text)
    exit                                     0x0800041b   Thumb Code    18  exit.o(.text)
    _sys_exit                                0x0800042d   Thumb Code     8  sys_exit.o(.text)
    __I$use$semihosting                      0x08000439   Thumb Code     0  use_no_semi.o(.text)
    __use_no_semihosting_swi                 0x08000439   Thumb Code     2  use_no_semi.o(.text)
    __semihosting_library_function           0x0800043b   Thumb Code     0  indicate_semi.o(.text)
    Apid2006                                 0x0800043d   Thumb Code    16  motorctrl.o(i.Apid2006)
    BusFault_Handler                         0x08000451   Thumb Code     2  stm32f4xx_it.o(i.BusFault_Handler)
    CAL_MESSAGE                              0x08000455   Thumb Code   186  calculate.o(i.CAL_MESSAGE)
    CAN1_RX0_IRQHandler                      0x0800053d   Thumb Code     6  stm32f4xx_it.o(i.CAN1_RX0_IRQHandler)
    CAN1_TX_IRQHandler                       0x08000549   Thumb Code     6  stm32f4xx_it.o(i.CAN1_TX_IRQHandler)
    CAN1_cmd_chassis                         0x08000555   Thumb Code    60  bsp_can.o(i.CAN1_cmd_chassis)
    CAN2_RX0_IRQHandler                      0x0800059d   Thumb Code     6  stm32f4xx_it.o(i.CAN2_RX0_IRQHandler)
    CAN2_TX_IRQHandler                       0x080005a9   Thumb Code     6  stm32f4xx_it.o(i.CAN2_TX_IRQHandler)
    CAN2_cmd_chassis                         0x080005b5   Thumb Code    60  bsp_can.o(i.CAN2_cmd_chassis)
    CalculateParity                          0x080005fd   Thumb Code    22  calculate.o(i.CalculateParity)
    DMA1_Stream1_IRQHandler                  0x08000615   Thumb Code     6  stm32f4xx_it.o(i.DMA1_Stream1_IRQHandler)
    DMA1_Stream3_IRQHandler                  0x08000621   Thumb Code     6  stm32f4xx_it.o(i.DMA1_Stream3_IRQHandler)
    DebugMon_Handler                         0x080006d1   Thumb Code     2  stm32f4xx_it.o(i.DebugMon_Handler)
    EXTI15_10_IRQHandler                     0x080006d3   Thumb Code     8  stm32f4xx_it.o(i.EXTI15_10_IRQHandler)
    EXTI4_IRQHandler                         0x080006db   Thumb Code     6  stm32f4xx_it.o(i.EXTI4_IRQHandler)
    EXTI9_5_IRQHandler                       0x080006e1   Thumb Code    20  stm32f4xx_it.o(i.EXTI9_5_IRQHandler)
    Error_Handler                            0x080006f5   Thumb Code     4  main.o(i.Error_Handler)
    HAL_CAN_ActivateNotification             0x080006f9   Thumb Code    36  stm32f4xx_hal_can.o(i.HAL_CAN_ActivateNotification)
    HAL_CAN_AddTxMessage                     0x0800071d   Thumb Code   220  stm32f4xx_hal_can.o(i.HAL_CAN_AddTxMessage)
    HAL_CAN_ConfigFilter                     0x080007f9   Thumb Code   262  stm32f4xx_hal_can.o(i.HAL_CAN_ConfigFilter)
    HAL_CAN_ErrorCallback                    0x08000905   Thumb Code     2  stm32f4xx_hal_can.o(i.HAL_CAN_ErrorCallback)
    HAL_CAN_GetRxMessage                     0x08000907   Thumb Code   232  stm32f4xx_hal_can.o(i.HAL_CAN_GetRxMessage)
    HAL_CAN_IRQHandler                       0x080009ef   Thumb Code   508  stm32f4xx_hal_can.o(i.HAL_CAN_IRQHandler)
    HAL_CAN_Init                             0x08000beb   Thumb Code   282  stm32f4xx_hal_can.o(i.HAL_CAN_Init)
    HAL_CAN_MspInit                          0x08000d05   Thumb Code   258  can.o(i.HAL_CAN_MspInit)
    HAL_CAN_RxFifo0FullCallback              0x08000e21   Thumb Code     2  stm32f4xx_hal_can.o(i.HAL_CAN_RxFifo0FullCallback)
    HAL_CAN_RxFifo0MsgPendingCallback        0x08000e25   Thumb Code   210  bsp_can.o(i.HAL_CAN_RxFifo0MsgPendingCallback)
    HAL_CAN_RxFifo1FullCallback              0x08000f09   Thumb Code     2  stm32f4xx_hal_can.o(i.HAL_CAN_RxFifo1FullCallback)
    HAL_CAN_RxFifo1MsgPendingCallback        0x08000f0b   Thumb Code     2  stm32f4xx_hal_can.o(i.HAL_CAN_RxFifo1MsgPendingCallback)
    HAL_CAN_SleepCallback                    0x08000f0d   Thumb Code     2  stm32f4xx_hal_can.o(i.HAL_CAN_SleepCallback)
    HAL_CAN_Start                            0x08000f11   Thumb Code    88  stm32f4xx_hal_can.o(i.HAL_CAN_Start)
    HAL_CAN_TxMailbox0AbortCallback          0x08000f69   Thumb Code     2  stm32f4xx_hal_can.o(i.HAL_CAN_TxMailbox0AbortCallback)
    HAL_CAN_TxMailbox0CompleteCallback       0x08000f6b   Thumb Code     2  stm32f4xx_hal_can.o(i.HAL_CAN_TxMailbox0CompleteCallback)
    HAL_CAN_TxMailbox1AbortCallback          0x08000f6d   Thumb Code     2  stm32f4xx_hal_can.o(i.HAL_CAN_TxMailbox1AbortCallback)
    HAL_CAN_TxMailbox1CompleteCallback       0x08000f6f   Thumb Code     2  stm32f4xx_hal_can.o(i.HAL_CAN_TxMailbox1CompleteCallback)
    HAL_CAN_TxMailbox2AbortCallback          0x08000f71   Thumb Code     2  stm32f4xx_hal_can.o(i.HAL_CAN_TxMailbox2AbortCallback)
    HAL_CAN_TxMailbox2CompleteCallback       0x08000f73   Thumb Code     2  stm32f4xx_hal_can.o(i.HAL_CAN_TxMailbox2CompleteCallback)
    HAL_CAN_WakeUpFromRxMsgCallback          0x08000f75   Thumb Code     2  stm32f4xx_hal_can.o(i.HAL_CAN_WakeUpFromRxMsgCallback)
    HAL_DMA_Abort                            0x08000f77   Thumb Code   146  stm32f4xx_hal_dma.o(i.HAL_DMA_Abort)
    HAL_DMA_Abort_IT                         0x08001009   Thumb Code    36  stm32f4xx_hal_dma.o(i.HAL_DMA_Abort_IT)
    HAL_DMA_IRQHandler                       0x0800102d   Thumb Code   412  stm32f4xx_hal_dma.o(i.HAL_DMA_IRQHandler)
    HAL_DMA_Init                             0x080011cd   Thumb Code   206  stm32f4xx_hal_dma.o(i.HAL_DMA_Init)
    HAL_DMA_Start_IT                         0x080012a1   Thumb Code   110  stm32f4xx_hal_dma.o(i.HAL_DMA_Start_IT)
    HAL_GPIO_EXTI_Callback                   0x08001311   Thumb Code   114  gpio.o(i.HAL_GPIO_EXTI_Callback)
    HAL_GPIO_EXTI_IRQHandler                 0x0800138d   Thumb Code    18  stm32f4xx_hal_gpio.o(i.HAL_GPIO_EXTI_IRQHandler)
    HAL_GPIO_Init                            0x080013a5   Thumb Code   450  stm32f4xx_hal_gpio.o(i.HAL_GPIO_Init)
    HAL_GetTick                              0x08001595   Thumb Code     6  stm32f4xx_hal.o(i.HAL_GetTick)
    HAL_IWDG_Init                            0x080015a1   Thumb Code    90  stm32f4xx_hal_iwdg.o(i.HAL_IWDG_Init)
    HAL_IWDG_Refresh                         0x080015fb   Thumb Code    12  stm32f4xx_hal_iwdg.o(i.HAL_IWDG_Refresh)
    HAL_IncTick                              0x08001609   Thumb Code    12  stm32f4xx_hal.o(i.HAL_IncTick)
    HAL_Init                                 0x08001619   Thumb Code    48  stm32f4xx_hal.o(i.HAL_Init)
    HAL_InitTick                             0x0800164d   Thumb Code    54  stm32f4xx_hal.o(i.HAL_InitTick)
    HAL_MspInit                              0x0800168d   Thumb Code    42  stm32f4xx_hal_msp.o(i.HAL_MspInit)
    HAL_NVIC_EnableIRQ                       0x080016bd   Thumb Code    26  stm32f4xx_hal_cortex.o(i.HAL_NVIC_EnableIRQ)
    HAL_NVIC_SetPriority                     0x080016d9   Thumb Code    60  stm32f4xx_hal_cortex.o(i.HAL_NVIC_SetPriority)
    HAL_NVIC_SetPriorityGrouping             0x08001719   Thumb Code    26  stm32f4xx_hal_cortex.o(i.HAL_NVIC_SetPriorityGrouping)
    HAL_RCC_ClockConfig                      0x0800173d   Thumb Code   288  stm32f4xx_hal_rcc.o(i.HAL_RCC_ClockConfig)
    HAL_RCC_GetHCLKFreq                      0x08001871   Thumb Code     6  stm32f4xx_hal_rcc.o(i.HAL_RCC_GetHCLKFreq)
    HAL_RCC_GetPCLK1Freq                     0x0800187d   Thumb Code    20  stm32f4xx_hal_rcc.o(i.HAL_RCC_GetPCLK1Freq)
    HAL_RCC_GetPCLK2Freq                     0x0800189d   Thumb Code    20  stm32f4xx_hal_rcc.o(i.HAL_RCC_GetPCLK2Freq)
    HAL_RCC_GetSysClockFreq                  0x080018bd   Thumb Code    88  stm32f4xx_hal_rcc.o(i.HAL_RCC_GetSysClockFreq)
    HAL_RCC_OscConfig                        0x0800191d   Thumb Code   856  stm32f4xx_hal_rcc.o(i.HAL_RCC_OscConfig)
    HAL_SYSTICK_Config                       0x08001c89   Thumb Code    40  stm32f4xx_hal_cortex.o(i.HAL_SYSTICK_Config)
    HAL_TIMEx_BreakCallback                  0x08001cb1   Thumb Code     2  stm32f4xx_hal_tim_ex.o(i.HAL_TIMEx_BreakCallback)
    HAL_TIMEx_CommutCallback                 0x08001cb3   Thumb Code     2  stm32f4xx_hal_tim_ex.o(i.HAL_TIMEx_CommutCallback)
    HAL_TIM_Base_Init                        0x08001cb5   Thumb Code    90  stm32f4xx_hal_tim.o(i.HAL_TIM_Base_Init)
    HAL_TIM_Base_MspInit                     0x08001d11   Thumb Code    50  tim.o(i.HAL_TIM_Base_MspInit)
    HAL_TIM_Base_Start_IT                    0x08001d4d   Thumb Code   100  stm32f4xx_hal_tim.o(i.HAL_TIM_Base_Start_IT)
    HAL_TIM_IC_CaptureCallback               0x08001dcd   Thumb Code     2  stm32f4xx_hal_tim.o(i.HAL_TIM_IC_CaptureCallback)
    HAL_TIM_IRQHandler                       0x08001dcf   Thumb Code   358  stm32f4xx_hal_tim.o(i.HAL_TIM_IRQHandler)
    HAL_TIM_OC_DelayElapsedCallback          0x08001f35   Thumb Code     2  stm32f4xx_hal_tim.o(i.HAL_TIM_OC_DelayElapsedCallback)
    HAL_TIM_PWM_PulseFinishedCallback        0x08001f37   Thumb Code     2  stm32f4xx_hal_tim.o(i.HAL_TIM_PWM_PulseFinishedCallback)
    HAL_TIM_PeriodElapsedCallback            0x08001f39   Thumb Code  2484  main.o(i.HAL_TIM_PeriodElapsedCallback)
    HAL_TIM_TriggerCallback                  0x080028ed   Thumb Code     2  stm32f4xx_hal_tim.o(i.HAL_TIM_TriggerCallback)
    HAL_UARTEx_RxEventCallback               0x080028ef   Thumb Code     2  stm32f4xx_hal_uart.o(i.HAL_UARTEx_RxEventCallback)
    HAL_UART_ErrorCallback                   0x080028f1   Thumb Code    28  main.o(i.HAL_UART_ErrorCallback)
    HAL_UART_IRQHandler                      0x0800291d   Thumb Code   610  stm32f4xx_hal_uart.o(i.HAL_UART_IRQHandler)
    HAL_UART_Init                            0x08002b85   Thumb Code    98  stm32f4xx_hal_uart.o(i.HAL_UART_Init)
    HAL_UART_MspInit                         0x08002be9   Thumb Code   282  usart.o(i.HAL_UART_MspInit)
    HAL_UART_Receive_DMA                     0x08002d21   Thumb Code    42  stm32f4xx_hal_uart.o(i.HAL_UART_Receive_DMA)
    HAL_UART_RxCpltCallback                  0x08002d4d   Thumb Code    88  main.o(i.HAL_UART_RxCpltCallback)
    HAL_UART_RxHalfCpltCallback              0x08002db5   Thumb Code     2  stm32f4xx_hal_uart.o(i.HAL_UART_RxHalfCpltCallback)
    HAL_UART_TxCpltCallback                  0x08002db7   Thumb Code     2  stm32f4xx_hal_uart.o(i.HAL_UART_TxCpltCallback)
    HardFault_Handler                        0x08002db9   Thumb Code     2  stm32f4xx_it.o(i.HardFault_Handler)
    MX_CAN1_Init                             0x0800325d   Thumb Code    60  can.o(i.MX_CAN1_Init)
    MX_CAN2_Init                             0x080032a1   Thumb Code    60  can.o(i.MX_CAN2_Init)
    MX_DMA_Init                              0x080032e5   Thumb Code    56  dma.o(i.MX_DMA_Init)
    MX_GPIO_Init                             0x08003321   Thumb Code   182  gpio.o(i.MX_GPIO_Init)
    MX_IWDG_Init                             0x080033e5   Thumb Code    36  iwdg.o(i.MX_IWDG_Init)
    MX_TIM10_Init                            0x08003411   Thumb Code    46  tim.o(i.MX_TIM10_Init)
    MX_USART2_UART_Init                      0x08003449   Thumb Code    48  usart.o(i.MX_USART2_UART_Init)
    MX_USART3_UART_Init                      0x08003481   Thumb Code    48  usart.o(i.MX_USART3_UART_Init)
    MemManage_Handler                        0x080034b9   Thumb Code     2  stm32f4xx_it.o(i.MemManage_Handler)
    NMI_Handler                              0x080034bb   Thumb Code     2  stm32f4xx_it.o(i.NMI_Handler)
    PendSV_Handler                           0x080034bd   Thumb Code     2  stm32f4xx_it.o(i.PendSV_Handler)
    SVC_Handler                              0x080034bf   Thumb Code     2  stm32f4xx_it.o(i.SVC_Handler)
    SysTick_Handler                          0x080034c1   Thumb Code     4  stm32f4xx_it.o(i.SysTick_Handler)
    SystemClock_Config                       0x080034c5   Thumb Code   144  main.o(i.SystemClock_Config)
    SystemInit                               0x0800355d   Thumb Code    12  system_stm32f4xx.o(i.SystemInit)
    TIM1_UP_TIM10_IRQHandler                 0x0800356d   Thumb Code     6  stm32f4xx_it.o(i.TIM1_UP_TIM10_IRQHandler)
    TIM_Base_SetConfig                       0x08003579   Thumb Code   156  stm32f4xx_hal_tim.o(i.TIM_Base_SetConfig)
    UART_Start_Receive_DMA                   0x0800396d   Thumb Code   134  stm32f4xx_hal_uart.o(i.UART_Start_Receive_DMA)
    USART2_IRQHandler                        0x08003a01   Thumb Code     6  stm32f4xx_it.o(i.USART2_IRQHandler)
    USART3_IRQHandler                        0x08003a0d   Thumb Code     6  stm32f4xx_it.o(i.USART3_IRQHandler)
    UsageFault_Handler                       0x08003a19   Thumb Code     2  stm32f4xx_it.o(i.UsageFault_Handler)
    __ARM_fpclassify                         0x08003a1b   Thumb Code    48  fpclassify.o(i.__ARM_fpclassify)
    __hardfp_atan                            0x08003a71   Thumb Code   622  atan.o(i.__hardfp_atan)
    __hardfp_atan2                           0x08003d49   Thumb Code   448  atan2.o(i.__hardfp_atan2)
    __hardfp_cos                             0x08003f49   Thumb Code   180  cos.o(i.__hardfp_cos)
    __hardfp_fabs                            0x08004011   Thumb Code    20  fabs.o(i.__hardfp_fabs)
    __hardfp_pow                             0x08004029   Thumb Code  3072  pow.o(i.__hardfp_pow)
    __hardfp_sin                             0x08004c79   Thumb Code   180  sin.o(i.__hardfp_sin)
    __hardfp_sqrt                            0x08004d41   Thumb Code   122  sqrt.o(i.__hardfp_sqrt)
    __ieee754_rem_pio2                       0x08004dc1   Thumb Code   938  rred.o(i.__ieee754_rem_pio2)
    __kernel_cos                             0x080051f9   Thumb Code   322  cos_i.o(i.__kernel_cos)
    __kernel_poly                            0x08005369   Thumb Code   248  poly.o(i.__kernel_poly)
    __kernel_sin                             0x08005461   Thumb Code   280  sin_i.o(i.__kernel_sin)
    __mathlib_dbl_divzero                    0x08005591   Thumb Code    28  dunder.o(i.__mathlib_dbl_divzero)
    __mathlib_dbl_infnan                     0x080055c1   Thumb Code    20  dunder.o(i.__mathlib_dbl_infnan)
    __mathlib_dbl_infnan2                    0x080055d5   Thumb Code    20  dunder.o(i.__mathlib_dbl_infnan2)
    __mathlib_dbl_invalid                    0x080055e9   Thumb Code    24  dunder.o(i.__mathlib_dbl_invalid)
    __mathlib_dbl_overflow                   0x08005609   Thumb Code    24  dunder.o(i.__mathlib_dbl_overflow)
    __mathlib_dbl_underflow                  0x08005629   Thumb Code    24  dunder.o(i.__mathlib_dbl_underflow)
    atan                                     0x08005649   Thumb Code    16  atan.o(i.atan)
    cala_d                                   0x08005659   Thumb Code   502  motorctrl.o(i.cala_d)
    can_filter_init                          0x0800587d   Thumb Code    52  bsp_can.o(i.can_filter_init)
    circle_cc                                0x080058b5   Thumb Code    38  bsp_can.o(i.circle_cc)
    ctrlmotor                                0x080058dd   Thumb Code  1644  motorctrl.o(i.ctrlmotor)
    delay_us                                 0x08005f49   Thumb Code    22  delay.o(i.delay_us)
    fabs                                     0x08005f65   Thumb Code    24  fabs.o(i.fabs)
    get_chassis_motor_measure_point          0x08005f7d   Thumb Code    12  bsp_can.o(i.get_chassis_motor_measure_point)
    get_chassis_motor_measure_point1         0x08005f8d   Thumb Code    12  bsp_can.o(i.get_chassis_motor_measure_point1)
    main                                     0x08005f9d   Thumb Code   256  main.o(i.main)
    motor_state_update                       0x080060e9   Thumb Code    38  bsp_can.o(i.motor_state_update)
    motor_state_update1                      0x08006115   Thumb Code    38  bsp_can.o(i.motor_state_update1)
    pid2006                                  0x08006141   Thumb Code    16  motorctrl.o(i.pid2006)
    pid3508                                  0x08006155   Thumb Code    52  motorctrl.o(i.pid3508)
    pidctl_initialize                        0x0800618d   Thumb Code     2  pidctl.o(i.pidctl_initialize)
    pidctl_step                              0x08006191   Thumb Code  1080  pidctl.o(i.pidctl_step)
    sqrt                                     0x080065c9   Thumb Code   110  sqrt.o(i.sqrt)
    __aeabi_dneg                             0x08006637   Thumb Code     0  basic.o(x$fpl$basic)
    _dneg                                    0x08006637   Thumb Code     6  basic.o(x$fpl$basic)
    __aeabi_fneg                             0x0800663d   Thumb Code     0  basic.o(x$fpl$basic)
    _fneg                                    0x0800663d   Thumb Code     6  basic.o(x$fpl$basic)
    _dabs                                    0x08006643   Thumb Code     6  basic.o(x$fpl$basic)
    _fabs                                    0x08006649   Thumb Code     6  basic.o(x$fpl$basic)
    __aeabi_dadd                             0x08006651   Thumb Code     0  daddsub_clz.o(x$fpl$dadd)
    _dadd                                    0x08006651   Thumb Code   332  daddsub_clz.o(x$fpl$dadd)
    __fpl_dcheck_NaN1                        0x080067a1   Thumb Code    10  dcheck1.o(x$fpl$dcheck1)
    __fpl_dcmp_Inf                           0x080067b1   Thumb Code    24  dcmpi.o(x$fpl$dcmpinf)
    __aeabi_ddiv                             0x080067c9   Thumb Code     0  ddiv.o(x$fpl$ddiv)
    _ddiv                                    0x080067c9   Thumb Code   552  ddiv.o(x$fpl$ddiv)
    __aeabi_cdcmpeq                          0x08006a79   Thumb Code     0  deqf.o(x$fpl$deqf)
    _dcmpeq                                  0x08006a79   Thumb Code   120  deqf.o(x$fpl$deqf)
    __aeabi_d2iz                             0x08006af1   Thumb Code     0  dfix.o(x$fpl$dfix)
    _dfix                                    0x08006af1   Thumb Code    94  dfix.o(x$fpl$dfix)
    __aeabi_i2d                              0x08006b4f   Thumb Code     0  dflt_clz.o(x$fpl$dflt)
    _dflt                                    0x08006b4f   Thumb Code    46  dflt_clz.o(x$fpl$dflt)
    __aeabi_ui2d                             0x08006b7d   Thumb Code     0  dflt_clz.o(x$fpl$dfltu)
    _dfltu                                   0x08006b7d   Thumb Code    38  dflt_clz.o(x$fpl$dfltu)
    __aeabi_cdcmple                          0x08006ba5   Thumb Code     0  dleqf.o(x$fpl$dleqf)
    _dcmple                                  0x08006ba5   Thumb Code   120  dleqf.o(x$fpl$dleqf)
    __fpl_dcmple_InfNaN                      0x08006c07   Thumb Code     0  dleqf.o(x$fpl$dleqf)
    __aeabi_dmul                             0x08006c1d   Thumb Code     0  dmul.o(x$fpl$dmul)
    _dmul                                    0x08006c1d   Thumb Code   332  dmul.o(x$fpl$dmul)
    __fpl_dnaninf                            0x08006d71   Thumb Code   156  dnaninf.o(x$fpl$dnaninf)
    __fpl_dretinf                            0x08006e0d   Thumb Code    12  dretinf.o(x$fpl$dretinf)
    __aeabi_cdrcmple                         0x08006e19   Thumb Code     0  drleqf.o(x$fpl$drleqf)
    _drcmple                                 0x08006e19   Thumb Code   108  drleqf.o(x$fpl$drleqf)
    __aeabi_drsub                            0x08006e85   Thumb Code     0  daddsub_clz.o(x$fpl$drsb)
    _drsb                                    0x08006e85   Thumb Code    22  daddsub_clz.o(x$fpl$drsb)
    _dsqrt                                   0x08006e9d   Thumb Code   404  dsqrt_umaal.o(x$fpl$dsqrt)
    __aeabi_dsub                             0x08007035   Thumb Code     0  daddsub_clz.o(x$fpl$dsub)
    _dsub                                    0x08007035   Thumb Code   464  daddsub_clz.o(x$fpl$dsub)
    _fp_init                                 0x08007209   Thumb Code    10  fpinit.o(x$fpl$fpinit)
    __fplib_config_fpu_vfp                   0x08007211   Thumb Code     0  fpinit.o(x$fpl$fpinit)
    __fplib_config_pureend_doubles           0x08007211   Thumb Code     0  fpinit.o(x$fpl$fpinit)
    __fpl_return_NaN                         0x08007213   Thumb Code   100  retnan.o(x$fpl$retnan)
    __ARM_scalbn                             0x08007277   Thumb Code    92  scalbn.o(x$fpl$scalbn)
    __fpl_cmpreturn                          0x080072d3   Thumb Code    48  trapv.o(x$fpl$trapveneer)
    __I$use$fp                               0x08007302   Number         0  usenofp.o(x$fpl$usenofp)
    AHBPrescTable                            0x0800730a   Data          16  system_stm32f4xx.o(.constdata)
    APBPrescTable                            0x0800731a   Data           8  system_stm32f4xx.o(.constdata)
    __mathlib_zero                           0x08007478   Data           8  qnan.o(.constdata)
    Region$$Table$$Base                      0x08007570   Number         0  anon$$obj.o(Region$$Table)
    Region$$Table$$Limit                     0x08007590   Number         0  anon$$obj.o(Region$$Table)
    USART_FLAG                               0x20000018   Data           1  main.o(.data)
    lx                                       0x2000001a   Data           2  main.o(.data)
    ly                                       0x2000001c   Data           2  main.o(.data)
    rx                                       0x2000001e   Data           2  main.o(.data)
    ry                                       0x20000020   Data           2  main.o(.data)
    receivefactor                            0x20000024   Data           4  main.o(.data)
    factor                                   0x20000028   Data           4  main.o(.data)
    factor1                                  0x2000002c   Data           4  main.o(.data)
    flag1                                    0x20000030   Data           4  main.o(.data)
    omega                                    0x20000038   Data           8  main.o(.data)
    output0                                  0x20000040   Data           8  main.o(.data)
    output1                                  0x20000048   Data           8  main.o(.data)
    output2                                  0x20000050   Data           8  main.o(.data)
    output3                                  0x20000058   Data           8  main.o(.data)
    output4                                  0x20000060   Data           8  main.o(.data)
    output5                                  0x20000068   Data           8  main.o(.data)
    output6                                  0x20000070   Data           8  main.o(.data)
    output7                                  0x20000078   Data           8  main.o(.data)
    Vx                                       0x20000080   Data           8  main.o(.data)
    Vy                                       0x20000088   Data           8  main.o(.data)
    a                                        0x20000090   Data           8  main.o(.data)
    lp                                       0x20000098   Data           2  main.o(.data)
    rp                                       0x2000009a   Data           2  main.o(.data)
    B1                                       0x2000009c   Data           1  main.o(.data)
    B2                                       0x2000009d   Data           1  main.o(.data)
    Cal_Parity                               0x2000009e   Data           1  main.o(.data)
    uwTickFreq                               0x200000a4   Data           1  stm32f4xx_hal.o(.data)
    uwTickPrio                               0x200000a8   Data           4  stm32f4xx_hal.o(.data)
    uwTick                                   0x200000ac   Data           4  stm32f4xx_hal.o(.data)
    SystemCoreClock                          0x200000b0   Data           4  system_stm32f4xx.o(.data)
    mult                                     0x200000b8   Data           8  motorctrl.o(.data)
    motor_data                               0x200001a0   Data          16  bsp_can.o(.bss)
    motor_data1                              0x200001b0   Data          16  bsp_can.o(.bss)
    dir                                      0x200001f0   Data          16  main.o(.bss)
    ang                                      0x20000200   Data          16  main.o(.bss)
    angtemp                                  0x20000210   Data          16  main.o(.bss)
    flagf                                    0x20000220   Data          16  main.o(.bss)
    theta                                    0x20000230   Data          32  main.o(.bss)
    DataRe                                   0x20000250   Data          17  main.o(.bss)
    ANGs                                     0x20000264   Data          32  gpio.o(.bss)
    hcan1                                    0x20000284   Data          40  can.o(.bss)
    hcan2                                    0x200002ac   Data          40  can.o(.bss)
    hiwdg                                    0x200002d4   Data          12  iwdg.o(.bss)
    htim10                                   0x200002e0   Data          72  tim.o(.bss)
    huart2                                   0x20000328   Data          68  usart.o(.bss)
    huart3                                   0x2000036c   Data          68  usart.o(.bss)
    hdma_usart3_rx                           0x200003b0   Data          96  usart.o(.bss)
    hdma_usart3_tx                           0x20000410   Data          96  usart.o(.bss)
    MotorSignal                              0x20000470   Data         224  motorctrl.o(.bss)
    rtDW                                     0x20000550   Data         320  pidctl.o(.bss)
    rtU                                      0x20000690   Data         256  pidctl.o(.bss)
    rtY                                      0x20000790   Data         128  pidctl.o(.bss)
    rtP                                      0x20000810   Data         144  pidctl_data.o(.bss)
    __libspace_start                         0x200008a0   Data          96  libspace.o(.bss)
    __temporary_stack_top$libspace           0x20000900   Data           0  libspace.o(.bss)



==============================================================================

Memory Map of the image

  Image Entry point : 0x08000189

  Load Region LR_IROM1 (Base: 0x08000000, Size: 0x00007650, Max: 0x00100000, ABSOLUTE)

    Execution Region ER_IROM1 (Exec base: 0x08000000, Load base: 0x08000000, Size: 0x00007590, Max: 0x00100000, ABSOLUTE)

    Exec Addr    Load Addr    Size         Type   Attr      Idx    E Section Name        Object

    0x08000000   0x08000000   0x00000188   Data   RO            3    RESET               startup_stm32f407xx.o
    0x08000188   0x08000188   0x00000008   Code   RO         3690  * !!!main             c_w.l(__main.o)
    0x08000190   0x08000190   0x00000034   Code   RO         4028    !!!scatter          c_w.l(__scatter.o)
    0x080001c4   0x080001c4   0x0000001a   Code   RO         4030    !!handler_copy      c_w.l(__scatter_copy.o)
    0x080001de   0x080001de   0x00000002   PAD
    0x080001e0   0x080001e0   0x0000001c   Code   RO         4032    !!handler_zi        c_w.l(__scatter_zi.o)
    0x080001fc   0x080001fc   0x00000002   Code   RO         3895    .ARM.Collect$$libinit$$00000000  c_w.l(libinit.o)
    0x080001fe   0x080001fe   0x00000004   Code   RO         3906    .ARM.Collect$$libinit$$00000001  c_w.l(libinit2.o)
    0x08000202   0x08000202   0x00000000   Code   RO         3909    .ARM.Collect$$libinit$$00000004  c_w.l(libinit2.o)
    0x08000202   0x08000202   0x00000000   Code   RO         3912    .ARM.Collect$$libinit$$0000000A  c_w.l(libinit2.o)
    0x08000202   0x08000202   0x00000000   Code   RO         3914    .ARM.Collect$$libinit$$0000000C  c_w.l(libinit2.o)
    0x08000202   0x08000202   0x00000000   Code   RO         3916    .ARM.Collect$$libinit$$0000000E  c_w.l(libinit2.o)
    0x08000202   0x08000202   0x00000000   Code   RO         3919    .ARM.Collect$$libinit$$00000011  c_w.l(libinit2.o)
    0x08000202   0x08000202   0x00000000   Code   RO         3921    .ARM.Collect$$libinit$$00000013  c_w.l(libinit2.o)
    0x08000202   0x08000202   0x00000000   Code   RO         3923    .ARM.Collect$$libinit$$00000015  c_w.l(libinit2.o)
    0x08000202   0x08000202   0x00000000   Code   RO         3925    .ARM.Collect$$libinit$$00000017  c_w.l(libinit2.o)
    0x08000202   0x08000202   0x00000000   Code   RO         3927    .ARM.Collect$$libinit$$00000019  c_w.l(libinit2.o)
    0x08000202   0x08000202   0x00000000   Code   RO         3929    .ARM.Collect$$libinit$$0000001B  c_w.l(libinit2.o)
    0x08000202   0x08000202   0x00000000   Code   RO         3931    .ARM.Collect$$libinit$$0000001D  c_w.l(libinit2.o)
    0x08000202   0x08000202   0x00000000   Code   RO         3933    .ARM.Collect$$libinit$$0000001F  c_w.l(libinit2.o)
    0x08000202   0x08000202   0x00000000   Code   RO         3935    .ARM.Collect$$libinit$$00000021  c_w.l(libinit2.o)
    0x08000202   0x08000202   0x00000000   Code   RO         3937    .ARM.Collect$$libinit$$00000023  c_w.l(libinit2.o)
    0x08000202   0x08000202   0x00000000   Code   RO         3939    .ARM.Collect$$libinit$$00000025  c_w.l(libinit2.o)
    0x08000202   0x08000202   0x00000000   Code   RO         3943    .ARM.Collect$$libinit$$0000002C  c_w.l(libinit2.o)
    0x08000202   0x08000202   0x00000000   Code   RO         3945    .ARM.Collect$$libinit$$0000002E  c_w.l(libinit2.o)
    0x08000202   0x08000202   0x00000000   Code   RO         3947    .ARM.Collect$$libinit$$00000030  c_w.l(libinit2.o)
    0x08000202   0x08000202   0x00000000   Code   RO         3949    .ARM.Collect$$libinit$$00000032  c_w.l(libinit2.o)
    0x08000202   0x08000202   0x00000002   Code   RO         3950    .ARM.Collect$$libinit$$00000033  c_w.l(libinit2.o)
    0x08000204   0x08000204   0x00000002   Code   RO         3983    .ARM.Collect$$libshutdown$$00000000  c_w.l(libshutdown.o)
    0x08000206   0x08000206   0x00000000   Code   RO         4009    .ARM.Collect$$libshutdown$$00000002  c_w.l(libshutdown2.o)
    0x08000206   0x08000206   0x00000000   Code   RO         4011    .ARM.Collect$$libshutdown$$00000004  c_w.l(libshutdown2.o)
    0x08000206   0x08000206   0x00000000   Code   RO         4013    .ARM.Collect$$libshutdown$$00000006  c_w.l(libshutdown2.o)
    0x08000206   0x08000206   0x00000000   Code   RO         4016    .ARM.Collect$$libshutdown$$00000009  c_w.l(libshutdown2.o)
    0x08000206   0x08000206   0x00000000   Code   RO         4019    .ARM.Collect$$libshutdown$$0000000C  c_w.l(libshutdown2.o)
    0x08000206   0x08000206   0x00000000   Code   RO         4021    .ARM.Collect$$libshutdown$$0000000E  c_w.l(libshutdown2.o)
    0x08000206   0x08000206   0x00000000   Code   RO         4024    .ARM.Collect$$libshutdown$$00000011  c_w.l(libshutdown2.o)
    0x08000206   0x08000206   0x00000002   Code   RO         4025    .ARM.Collect$$libshutdown$$00000012  c_w.l(libshutdown2.o)
    0x08000208   0x08000208   0x00000000   Code   RO         3802    .ARM.Collect$$rtentry$$00000000  c_w.l(__rtentry.o)
    0x08000208   0x08000208   0x00000000   Code   RO         3856    .ARM.Collect$$rtentry$$00000002  c_w.l(__rtentry2.o)
    0x08000208   0x08000208   0x00000006   Code   RO         3868    .ARM.Collect$$rtentry$$00000004  c_w.l(__rtentry4.o)
    0x0800020e   0x0800020e   0x00000000   Code   RO         3858    .ARM.Collect$$rtentry$$00000009  c_w.l(__rtentry2.o)
    0x0800020e   0x0800020e   0x00000004   Code   RO         3859    .ARM.Collect$$rtentry$$0000000A  c_w.l(__rtentry2.o)
    0x08000212   0x08000212   0x00000000   Code   RO         3861    .ARM.Collect$$rtentry$$0000000C  c_w.l(__rtentry2.o)
    0x08000212   0x08000212   0x00000008   Code   RO         3862    .ARM.Collect$$rtentry$$0000000D  c_w.l(__rtentry2.o)
    0x0800021a   0x0800021a   0x00000002   Code   RO         3898    .ARM.Collect$$rtexit$$00000000  c_w.l(rtexit.o)
    0x0800021c   0x0800021c   0x00000000   Code   RO         3956    .ARM.Collect$$rtexit$$00000002  c_w.l(rtexit2.o)
    0x0800021c   0x0800021c   0x00000004   Code   RO         3957    .ARM.Collect$$rtexit$$00000003  c_w.l(rtexit2.o)
    0x08000220   0x08000220   0x00000006   Code   RO         3958    .ARM.Collect$$rtexit$$00000004  c_w.l(rtexit2.o)
    0x08000226   0x08000226   0x00000002   PAD
    0x08000228   0x08000228   0x00000040   Code   RO            4    .text               startup_stm32f407xx.o
    0x08000268   0x08000268   0x000000ee   Code   RO         3684    .text               c_w.l(lludivv7m.o)
    0x08000356   0x08000356   0x0000004e   Code   RO         3686    .text               c_w.l(rt_memclr_w.o)
    0x080003a4   0x080003a4   0x00000006   Code   RO         3688    .text               c_w.l(heapauxi.o)
    0x080003aa   0x080003aa   0x00000016   Code   RO         3807    .text               c_w.l(_rserrno.o)
    0x080003c0   0x080003c0   0x00000008   Code   RO         3875    .text               c_w.l(rt_errno_addr_intlibspace.o)
    0x080003c8   0x080003c8   0x00000008   Code   RO         3879    .text               c_w.l(libspace.o)
    0x080003d0   0x080003d0   0x0000004a   Code   RO         3882    .text               c_w.l(sys_stackheap_outer.o)
    0x0800041a   0x0800041a   0x00000012   Code   RO         3884    .text               c_w.l(exit.o)
    0x0800042c   0x0800042c   0x0000000c   Code   RO         3953    .text               c_w.l(sys_exit.o)
    0x08000438   0x08000438   0x00000002   Code   RO         3972    .text               c_w.l(use_no_semi.o)
    0x0800043a   0x0800043a   0x00000000   Code   RO         3974    .text               c_w.l(indicate_semi.o)
    0x0800043a   0x0800043a   0x00000002   PAD
    0x0800043c   0x0800043c   0x00000014   Code   RO         3475    i.Apid2006          motorctrl.o
    0x08000450   0x08000450   0x00000002   Code   RO          539    i.BusFault_Handler  stm32f4xx_it.o
    0x08000452   0x08000452   0x00000002   PAD
    0x08000454   0x08000454   0x000000e8   Code   RO         3587    i.CAL_MESSAGE       calculate.o
    0x0800053c   0x0800053c   0x0000000c   Code   RO          540    i.CAN1_RX0_IRQHandler  stm32f4xx_it.o
    0x08000548   0x08000548   0x0000000c   Code   RO          541    i.CAN1_TX_IRQHandler  stm32f4xx_it.o
    0x08000554   0x08000554   0x00000048   Code   RO           13    i.CAN1_cmd_chassis  bsp_can.o
    0x0800059c   0x0800059c   0x0000000c   Code   RO          542    i.CAN2_RX0_IRQHandler  stm32f4xx_it.o
    0x080005a8   0x080005a8   0x0000000c   Code   RO          543    i.CAN2_TX_IRQHandler  stm32f4xx_it.o
    0x080005b4   0x080005b4   0x00000048   Code   RO           14    i.CAN2_cmd_chassis  bsp_can.o
    0x080005fc   0x080005fc   0x00000016   Code   RO         3588    i.CalculateParity   calculate.o
    0x08000612   0x08000612   0x00000002   PAD
    0x08000614   0x08000614   0x0000000c   Code   RO          544    i.DMA1_Stream1_IRQHandler  stm32f4xx_it.o
    0x08000620   0x08000620   0x0000000c   Code   RO          545    i.DMA1_Stream3_IRQHandler  stm32f4xx_it.o
    0x0800062c   0x0800062c   0x00000028   Code   RO         1404    i.DMA_CalcBaseAndBitshift  stm32f4xx_hal_dma.o
    0x08000654   0x08000654   0x00000054   Code   RO         1405    i.DMA_CheckFifoParam  stm32f4xx_hal_dma.o
    0x080006a8   0x080006a8   0x00000028   Code   RO         1406    i.DMA_SetConfig     stm32f4xx_hal_dma.o
    0x080006d0   0x080006d0   0x00000002   Code   RO          546    i.DebugMon_Handler  stm32f4xx_it.o
    0x080006d2   0x080006d2   0x00000008   Code   RO          547    i.EXTI15_10_IRQHandler  stm32f4xx_it.o
    0x080006da   0x080006da   0x00000006   Code   RO          548    i.EXTI4_IRQHandler  stm32f4xx_it.o
    0x080006e0   0x080006e0   0x00000014   Code   RO          549    i.EXTI9_5_IRQHandler  stm32f4xx_it.o
    0x080006f4   0x080006f4   0x00000004   Code   RO          193    i.Error_Handler     main.o
    0x080006f8   0x080006f8   0x00000024   Code   RO          712    i.HAL_CAN_ActivateNotification  stm32f4xx_hal_can.o
    0x0800071c   0x0800071c   0x000000dc   Code   RO          713    i.HAL_CAN_AddTxMessage  stm32f4xx_hal_can.o
    0x080007f8   0x080007f8   0x0000010c   Code   RO          714    i.HAL_CAN_ConfigFilter  stm32f4xx_hal_can.o
    0x08000904   0x08000904   0x00000002   Code   RO          717    i.HAL_CAN_ErrorCallback  stm32f4xx_hal_can.o
    0x08000906   0x08000906   0x000000e8   Code   RO          720    i.HAL_CAN_GetRxMessage  stm32f4xx_hal_can.o
    0x080009ee   0x080009ee   0x000001fc   Code   RO          724    i.HAL_CAN_IRQHandler  stm32f4xx_hal_can.o
    0x08000bea   0x08000bea   0x0000011a   Code   RO          725    i.HAL_CAN_Init      stm32f4xx_hal_can.o
    0x08000d04   0x08000d04   0x0000011c   Code   RO          347    i.HAL_CAN_MspInit   can.o
    0x08000e20   0x08000e20   0x00000002   Code   RO          732    i.HAL_CAN_RxFifo0FullCallback  stm32f4xx_hal_can.o
    0x08000e22   0x08000e22   0x00000002   PAD
    0x08000e24   0x08000e24   0x000000e4   Code   RO           15    i.HAL_CAN_RxFifo0MsgPendingCallback  bsp_can.o
    0x08000f08   0x08000f08   0x00000002   Code   RO          734    i.HAL_CAN_RxFifo1FullCallback  stm32f4xx_hal_can.o
    0x08000f0a   0x08000f0a   0x00000002   Code   RO          735    i.HAL_CAN_RxFifo1MsgPendingCallback  stm32f4xx_hal_can.o
    0x08000f0c   0x08000f0c   0x00000002   Code   RO          736    i.HAL_CAN_SleepCallback  stm32f4xx_hal_can.o
    0x08000f0e   0x08000f0e   0x00000002   PAD
    0x08000f10   0x08000f10   0x00000058   Code   RO          737    i.HAL_CAN_Start     stm32f4xx_hal_can.o
    0x08000f68   0x08000f68   0x00000002   Code   RO          739    i.HAL_CAN_TxMailbox0AbortCallback  stm32f4xx_hal_can.o
    0x08000f6a   0x08000f6a   0x00000002   Code   RO          740    i.HAL_CAN_TxMailbox0CompleteCallback  stm32f4xx_hal_can.o
    0x08000f6c   0x08000f6c   0x00000002   Code   RO          741    i.HAL_CAN_TxMailbox1AbortCallback  stm32f4xx_hal_can.o
    0x08000f6e   0x08000f6e   0x00000002   Code   RO          742    i.HAL_CAN_TxMailbox1CompleteCallback  stm32f4xx_hal_can.o
    0x08000f70   0x08000f70   0x00000002   Code   RO          743    i.HAL_CAN_TxMailbox2AbortCallback  stm32f4xx_hal_can.o
    0x08000f72   0x08000f72   0x00000002   Code   RO          744    i.HAL_CAN_TxMailbox2CompleteCallback  stm32f4xx_hal_can.o
    0x08000f74   0x08000f74   0x00000002   Code   RO          746    i.HAL_CAN_WakeUpFromRxMsgCallback  stm32f4xx_hal_can.o
    0x08000f76   0x08000f76   0x00000092   Code   RO         1407    i.HAL_DMA_Abort     stm32f4xx_hal_dma.o
    0x08001008   0x08001008   0x00000024   Code   RO         1408    i.HAL_DMA_Abort_IT  stm32f4xx_hal_dma.o
    0x0800102c   0x0800102c   0x000001a0   Code   RO         1412    i.HAL_DMA_IRQHandler  stm32f4xx_hal_dma.o
    0x080011cc   0x080011cc   0x000000d4   Code   RO         1413    i.HAL_DMA_Init      stm32f4xx_hal_dma.o
    0x080012a0   0x080012a0   0x0000006e   Code   RO         1417    i.HAL_DMA_Start_IT  stm32f4xx_hal_dma.o
    0x0800130e   0x0800130e   0x00000002   PAD
    0x08001310   0x08001310   0x0000007c   Code   RO          312    i.HAL_GPIO_EXTI_Callback  gpio.o
    0x0800138c   0x0800138c   0x00000018   Code   RO         1299    i.HAL_GPIO_EXTI_IRQHandler  stm32f4xx_hal_gpio.o
    0x080013a4   0x080013a4   0x000001f0   Code   RO         1300    i.HAL_GPIO_Init     stm32f4xx_hal_gpio.o
    0x08001594   0x08001594   0x0000000c   Code   RO         1832    i.HAL_GetTick       stm32f4xx_hal.o
    0x080015a0   0x080015a0   0x0000005a   Code   RO         2077    i.HAL_IWDG_Init     stm32f4xx_hal_iwdg.o
    0x080015fa   0x080015fa   0x0000000c   Code   RO         2078    i.HAL_IWDG_Refresh  stm32f4xx_hal_iwdg.o
    0x08001606   0x08001606   0x00000002   PAD
    0x08001608   0x08001608   0x00000010   Code   RO         1838    i.HAL_IncTick       stm32f4xx_hal.o
    0x08001618   0x08001618   0x00000034   Code   RO         1839    i.HAL_Init          stm32f4xx_hal.o
    0x0800164c   0x0800164c   0x00000040   Code   RO         1840    i.HAL_InitTick      stm32f4xx_hal.o
    0x0800168c   0x0800168c   0x00000030   Code   RO          687    i.HAL_MspInit       stm32f4xx_hal_msp.o
    0x080016bc   0x080016bc   0x0000001a   Code   RO         1689    i.HAL_NVIC_EnableIRQ  stm32f4xx_hal_cortex.o
    0x080016d6   0x080016d6   0x00000002   PAD
    0x080016d8   0x080016d8   0x00000040   Code   RO         1695    i.HAL_NVIC_SetPriority  stm32f4xx_hal_cortex.o
    0x08001718   0x08001718   0x00000024   Code   RO         1696    i.HAL_NVIC_SetPriorityGrouping  stm32f4xx_hal_cortex.o
    0x0800173c   0x0800173c   0x00000134   Code   RO          946    i.HAL_RCC_ClockConfig  stm32f4xx_hal_rcc.o
    0x08001870   0x08001870   0x0000000c   Code   RO          951    i.HAL_RCC_GetHCLKFreq  stm32f4xx_hal_rcc.o
    0x0800187c   0x0800187c   0x00000020   Code   RO          953    i.HAL_RCC_GetPCLK1Freq  stm32f4xx_hal_rcc.o
    0x0800189c   0x0800189c   0x00000020   Code   RO          954    i.HAL_RCC_GetPCLK2Freq  stm32f4xx_hal_rcc.o
    0x080018bc   0x080018bc   0x00000060   Code   RO          955    i.HAL_RCC_GetSysClockFreq  stm32f4xx_hal_rcc.o
    0x0800191c   0x0800191c   0x0000036c   Code   RO          958    i.HAL_RCC_OscConfig  stm32f4xx_hal_rcc.o
    0x08001c88   0x08001c88   0x00000028   Code   RO         1700    i.HAL_SYSTICK_Config  stm32f4xx_hal_cortex.o
    0x08001cb0   0x08001cb0   0x00000002   Code   RO         2813    i.HAL_TIMEx_BreakCallback  stm32f4xx_hal_tim_ex.o
    0x08001cb2   0x08001cb2   0x00000002   Code   RO         2814    i.HAL_TIMEx_CommutCallback  stm32f4xx_hal_tim_ex.o
    0x08001cb4   0x08001cb4   0x0000005a   Code   RO         2109    i.HAL_TIM_Base_Init  stm32f4xx_hal_tim.o
    0x08001d0e   0x08001d0e   0x00000002   PAD
    0x08001d10   0x08001d10   0x0000003c   Code   RO          450    i.HAL_TIM_Base_MspInit  tim.o
    0x08001d4c   0x08001d4c   0x00000080   Code   RO         2114    i.HAL_TIM_Base_Start_IT  stm32f4xx_hal_tim.o
    0x08001dcc   0x08001dcc   0x00000002   Code   RO         2143    i.HAL_TIM_IC_CaptureCallback  stm32f4xx_hal_tim.o
    0x08001dce   0x08001dce   0x00000166   Code   RO         2157    i.HAL_TIM_IRQHandler  stm32f4xx_hal_tim.o
    0x08001f34   0x08001f34   0x00000002   Code   RO         2160    i.HAL_TIM_OC_DelayElapsedCallback  stm32f4xx_hal_tim.o
    0x08001f36   0x08001f36   0x00000002   Code   RO         2187    i.HAL_TIM_PWM_PulseFinishedCallback  stm32f4xx_hal_tim.o
    0x08001f38   0x08001f38   0x000009b4   Code   RO          194    i.HAL_TIM_PeriodElapsedCallback  main.o
    0x080028ec   0x080028ec   0x00000002   Code   RO         2200    i.HAL_TIM_TriggerCallback  stm32f4xx_hal_tim.o
    0x080028ee   0x080028ee   0x00000002   Code   RO         3091    i.HAL_UARTEx_RxEventCallback  stm32f4xx_hal_uart.o
    0x080028f0   0x080028f0   0x0000002c   Code   RO          195    i.HAL_UART_ErrorCallback  main.o
    0x0800291c   0x0800291c   0x00000268   Code   RO         3108    i.HAL_UART_IRQHandler  stm32f4xx_hal_uart.o
    0x08002b84   0x08002b84   0x00000062   Code   RO         3109    i.HAL_UART_Init     stm32f4xx_hal_uart.o
    0x08002be6   0x08002be6   0x00000002   PAD
    0x08002be8   0x08002be8   0x00000138   Code   RO          492    i.HAL_UART_MspInit  usart.o
    0x08002d20   0x08002d20   0x0000002a   Code   RO         3113    i.HAL_UART_Receive_DMA  stm32f4xx_hal_uart.o
    0x08002d4a   0x08002d4a   0x00000002   PAD
    0x08002d4c   0x08002d4c   0x00000068   Code   RO          196    i.HAL_UART_RxCpltCallback  main.o
    0x08002db4   0x08002db4   0x00000002   Code   RO         3116    i.HAL_UART_RxHalfCpltCallback  stm32f4xx_hal_uart.o
    0x08002db6   0x08002db6   0x00000002   Code   RO         3120    i.HAL_UART_TxCpltCallback  stm32f4xx_hal_uart.o
    0x08002db8   0x08002db8   0x00000002   Code   RO          550    i.HardFault_Handler  stm32f4xx_it.o
    0x08002dba   0x08002dba   0x00000002   PAD
    0x08002dbc   0x08002dbc   0x00000114   Code   RO         3534    i.IfAction_speedSubsystem  pidctl.o
    0x08002ed0   0x08002ed0   0x0000038c   Code   RO         3535    i.IfAction_speedSubsystem1  pidctl.o
    0x0800325c   0x0800325c   0x00000044   Code   RO          348    i.MX_CAN1_Init      can.o
    0x080032a0   0x080032a0   0x00000044   Code   RO          349    i.MX_CAN2_Init      can.o
    0x080032e4   0x080032e4   0x0000003c   Code   RO          395    i.MX_DMA_Init       dma.o
    0x08003320   0x08003320   0x000000c4   Code   RO          313    i.MX_GPIO_Init      gpio.o
    0x080033e4   0x080033e4   0x0000002c   Code   RO          419    i.MX_IWDG_Init      iwdg.o
    0x08003410   0x08003410   0x00000038   Code   RO          451    i.MX_TIM10_Init     tim.o
    0x08003448   0x08003448   0x00000038   Code   RO          493    i.MX_USART2_UART_Init  usart.o
    0x08003480   0x08003480   0x00000038   Code   RO          494    i.MX_USART3_UART_Init  usart.o
    0x080034b8   0x080034b8   0x00000002   Code   RO          551    i.MemManage_Handler  stm32f4xx_it.o
    0x080034ba   0x080034ba   0x00000002   Code   RO          552    i.NMI_Handler       stm32f4xx_it.o
    0x080034bc   0x080034bc   0x00000002   Code   RO          553    i.PendSV_Handler    stm32f4xx_it.o
    0x080034be   0x080034be   0x00000002   Code   RO          554    i.SVC_Handler       stm32f4xx_it.o
    0x080034c0   0x080034c0   0x00000004   Code   RO          555    i.SysTick_Handler   stm32f4xx_it.o
    0x080034c4   0x080034c4   0x00000098   Code   RO          197    i.SystemClock_Config  main.o
    0x0800355c   0x0800355c   0x00000010   Code   RO         3438    i.SystemInit        system_stm32f4xx.o
    0x0800356c   0x0800356c   0x0000000c   Code   RO          556    i.TIM1_UP_TIM10_IRQHandler  stm32f4xx_it.o
    0x08003578   0x08003578   0x000000c8   Code   RO         2202    i.TIM_Base_SetConfig  stm32f4xx_hal_tim.o
    0x08003640   0x08003640   0x00000010   Code   RO         3122    i.UART_DMAAbortOnError  stm32f4xx_hal_uart.o
    0x08003650   0x08003650   0x0000004a   Code   RO         3123    i.UART_DMAError     stm32f4xx_hal_uart.o
    0x0800369a   0x0800369a   0x00000082   Code   RO         3124    i.UART_DMAReceiveCplt  stm32f4xx_hal_uart.o
    0x0800371c   0x0800371c   0x0000001a   Code   RO         3126    i.UART_DMARxHalfCplt  stm32f4xx_hal_uart.o
    0x08003736   0x08003736   0x0000004e   Code   RO         3132    i.UART_EndRxTransfer  stm32f4xx_hal_uart.o
    0x08003784   0x08003784   0x0000001c   Code   RO         3133    i.UART_EndTxTransfer  stm32f4xx_hal_uart.o
    0x080037a0   0x080037a0   0x000000c0   Code   RO         3134    i.UART_Receive_IT   stm32f4xx_hal_uart.o
    0x08003860   0x08003860   0x0000010c   Code   RO         3135    i.UART_SetConfig    stm32f4xx_hal_uart.o
    0x0800396c   0x0800396c   0x00000094   Code   RO         3136    i.UART_Start_Receive_DMA  stm32f4xx_hal_uart.o
    0x08003a00   0x08003a00   0x0000000c   Code   RO          557    i.USART2_IRQHandler  stm32f4xx_it.o
    0x08003a0c   0x08003a0c   0x0000000c   Code   RO          558    i.USART3_IRQHandler  stm32f4xx_it.o
    0x08003a18   0x08003a18   0x00000002   Code   RO          559    i.UsageFault_Handler  stm32f4xx_it.o
    0x08003a1a   0x08003a1a   0x00000030   Code   RO         3839    i.__ARM_fpclassify  m_wm.l(fpclassify.o)
    0x08003a4a   0x08003a4a   0x00000020   Code   RO         1702    i.__NVIC_SetPriority  stm32f4xx_hal_cortex.o
    0x08003a6a   0x08003a6a   0x00000006   PAD
    0x08003a70   0x08003a70   0x000002d8   Code   RO         3720    i.__hardfp_atan     m_wm.l(atan.o)
    0x08003d48   0x08003d48   0x00000200   Code   RO         3734    i.__hardfp_atan2    m_wm.l(atan2.o)
    0x08003f48   0x08003f48   0x000000c8   Code   RO         3746    i.__hardfp_cos      m_wm.l(cos.o)
    0x08004010   0x08004010   0x00000014   Code   RO         3758    i.__hardfp_fabs     m_wm.l(fabs.o)
    0x08004024   0x08004024   0x00000004   PAD
    0x08004028   0x08004028   0x00000c50   Code   RO         3764    i.__hardfp_pow      m_wm.l(pow.o)
    0x08004c78   0x08004c78   0x000000c8   Code   RO         3778    i.__hardfp_sin      m_wm.l(sin.o)
    0x08004d40   0x08004d40   0x0000007a   Code   RO         3790    i.__hardfp_sqrt     m_wm.l(sqrt.o)
    0x08004dba   0x08004dba   0x00000006   PAD
    0x08004dc0   0x08004dc0   0x00000438   Code   RO         3844    i.__ieee754_rem_pio2  m_wm.l(rred.o)
    0x080051f8   0x080051f8   0x00000170   Code   RO         3822    i.__kernel_cos      m_wm.l(cos_i.o)
    0x08005368   0x08005368   0x000000f8   Code   RO         3841    i.__kernel_poly     m_wm.l(poly.o)
    0x08005460   0x08005460   0x00000130   Code   RO         3849    i.__kernel_sin      m_wm.l(sin_i.o)
    0x08005590   0x08005590   0x00000030   Code   RO         3825    i.__mathlib_dbl_divzero  m_wm.l(dunder.o)
    0x080055c0   0x080055c0   0x00000014   Code   RO         3826    i.__mathlib_dbl_infnan  m_wm.l(dunder.o)
    0x080055d4   0x080055d4   0x00000014   Code   RO         3827    i.__mathlib_dbl_infnan2  m_wm.l(dunder.o)
    0x080055e8   0x080055e8   0x00000020   Code   RO         3828    i.__mathlib_dbl_invalid  m_wm.l(dunder.o)
    0x08005608   0x08005608   0x00000020   Code   RO         3829    i.__mathlib_dbl_overflow  m_wm.l(dunder.o)
    0x08005628   0x08005628   0x00000020   Code   RO         3831    i.__mathlib_dbl_underflow  m_wm.l(dunder.o)
    0x08005648   0x08005648   0x00000010   Code   RO         3722    i.atan              m_wm.l(atan.o)
    0x08005658   0x08005658   0x00000224   Code   RO         3476    i.cala_d            motorctrl.o
    0x0800587c   0x0800587c   0x00000038   Code   RO           16    i.can_filter_init   bsp_can.o
    0x080058b4   0x080058b4   0x00000026   Code   RO           17    i.circle_cc         bsp_can.o
    0x080058da   0x080058da   0x00000002   PAD
    0x080058dc   0x080058dc   0x0000066c   Code   RO         3477    i.ctrlmotor         motorctrl.o
    0x08005f48   0x08005f48   0x0000001c   Code   RO         3621    i.delay_us          delay.o
    0x08005f64   0x08005f64   0x00000018   Code   RO         3760    i.fabs              m_wm.l(fabs.o)
    0x08005f7c   0x08005f7c   0x00000010   Code   RO           18    i.get_chassis_motor_measure_point  bsp_can.o
    0x08005f8c   0x08005f8c   0x00000010   Code   RO           19    i.get_chassis_motor_measure_point1  bsp_can.o
    0x08005f9c   0x08005f9c   0x0000014c   Code   RO          198    i.main              main.o
    0x080060e8   0x080060e8   0x0000002c   Code   RO           20    i.motor_state_update  bsp_can.o
    0x08006114   0x08006114   0x0000002c   Code   RO           21    i.motor_state_update1  bsp_can.o
    0x08006140   0x08006140   0x00000014   Code   RO         3478    i.pid2006           motorctrl.o
    0x08006154   0x08006154   0x00000038   Code   RO         3479    i.pid3508           motorctrl.o
    0x0800618c   0x0800618c   0x00000002   Code   RO         3536    i.pidctl_initialize  pidctl.o
    0x0800618e   0x0800618e   0x00000002   PAD
    0x08006190   0x08006190   0x00000438   Code   RO         3537    i.pidctl_step       pidctl.o
    0x080065c8   0x080065c8   0x0000006e   Code   RO         3792    i.sqrt              m_wm.l(sqrt.o)
    0x08006636   0x08006636   0x00000018   Code   RO         3692    x$fpl$basic         fz_wm.l(basic.o)
    0x0800664e   0x0800664e   0x00000002   PAD
    0x08006650   0x08006650   0x00000150   Code   RO         3694    x$fpl$dadd          fz_wm.l(daddsub_clz.o)
    0x080067a0   0x080067a0   0x00000010   Code   RO         3877    x$fpl$dcheck1       fz_wm.l(dcheck1.o)
    0x080067b0   0x080067b0   0x00000018   Code   RO         3809    x$fpl$dcmpinf       fz_wm.l(dcmpi.o)
    0x080067c8   0x080067c8   0x000002b0   Code   RO         3701    x$fpl$ddiv          fz_wm.l(ddiv.o)
    0x08006a78   0x08006a78   0x00000078   Code   RO         3811    x$fpl$deqf          fz_wm.l(deqf.o)
    0x08006af0   0x08006af0   0x0000005e   Code   RO         3704    x$fpl$dfix          fz_wm.l(dfix.o)
    0x08006b4e   0x08006b4e   0x0000002e   Code   RO         3709    x$fpl$dflt          fz_wm.l(dflt_clz.o)
    0x08006b7c   0x08006b7c   0x00000026   Code   RO         3708    x$fpl$dfltu         fz_wm.l(dflt_clz.o)
    0x08006ba2   0x08006ba2   0x00000002   PAD
    0x08006ba4   0x08006ba4   0x00000078   Code   RO         3714    x$fpl$dleqf         fz_wm.l(dleqf.o)
    0x08006c1c   0x08006c1c   0x00000154   Code   RO         3716    x$fpl$dmul          fz_wm.l(dmul.o)
    0x08006d70   0x08006d70   0x0000009c   Code   RO         3813    x$fpl$dnaninf       fz_wm.l(dnaninf.o)
    0x08006e0c   0x08006e0c   0x0000000c   Code   RO         3815    x$fpl$dretinf       fz_wm.l(dretinf.o)
    0x08006e18   0x08006e18   0x0000006c   Code   RO         3718    x$fpl$drleqf        fz_wm.l(drleqf.o)
    0x08006e84   0x08006e84   0x00000016   Code   RO         3695    x$fpl$drsb          fz_wm.l(daddsub_clz.o)
    0x08006e9a   0x08006e9a   0x00000002   PAD
    0x08006e9c   0x08006e9c   0x00000198   Code   RO         3817    x$fpl$dsqrt         fz_wm.l(dsqrt_umaal.o)
    0x08007034   0x08007034   0x000001d4   Code   RO         3696    x$fpl$dsub          fz_wm.l(daddsub_clz.o)
    0x08007208   0x08007208   0x0000000a   Code   RO         3968    x$fpl$fpinit        fz_wm.l(fpinit.o)
    0x08007212   0x08007212   0x00000064   Code   RO         3896    x$fpl$retnan        fz_wm.l(retnan.o)
    0x08007276   0x08007276   0x0000005c   Code   RO         3819    x$fpl$scalbn        fz_wm.l(scalbn.o)
    0x080072d2   0x080072d2   0x00000030   Code   RO         3951    x$fpl$trapveneer    fz_wm.l(trapv.o)
    0x08007302   0x08007302   0x00000000   Code   RO         3821    x$fpl$usenofp       fz_wm.l(usenofp.o)
    0x08007302   0x08007302   0x00000008   Data   RO         1419    .constdata          stm32f4xx_hal_dma.o
    0x0800730a   0x0800730a   0x00000010   Data   RO         3439    .constdata          system_stm32f4xx.o
    0x0800731a   0x0800731a   0x00000008   Data   RO         3440    .constdata          system_stm32f4xx.o
    0x08007322   0x08007322   0x00000006   PAD
    0x08007328   0x08007328   0x00000098   Data   RO         3723    .constdata          m_wm.l(atan.o)
    0x080073c0   0x080073c0   0x00000088   Data   RO         3767    .constdata          m_wm.l(pow.o)
    0x08007448   0x08007448   0x00000030   Data   RO         3823    .constdata          m_wm.l(cos_i.o)
    0x08007478   0x08007478   0x00000008   Data   RO         3843    .constdata          m_wm.l(qnan.o)
    0x08007480   0x08007480   0x000000c8   Data   RO         3846    .constdata          m_wm.l(rred.o)
    0x08007548   0x08007548   0x00000028   Data   RO         3850    .constdata          m_wm.l(sin_i.o)
    0x08007570   0x08007570   0x00000020   Data   RO         4026    Region$$Table       anon$$obj.o


    Execution Region RW_IRAM1 (Exec base: 0x20000000, Load base: 0x08007590, Size: 0x00000f00, Max: 0x0001c000, ABSOLUTE)

    Exec Addr    Load Addr    Size         Type   Attr      Idx    E Section Name        Object

    0x20000000   0x08007590   0x00000012   Data   RW           23    .data               bsp_can.o
    0x20000012   0x080075a2   0x00000006   PAD
    0x20000018   0x080075a8   0x00000080   Data   RW          200    .data               main.o
    0x20000098   0x08007628   0x00000002   Data   RW          203    .data               main.o
    0x2000009a   0x0800762a   0x00000002   Data   RW          204    .data               main.o
    0x2000009c   0x0800762c   0x00000001   Data   RW          205    .data               main.o
    0x2000009d   0x0800762d   0x00000001   Data   RW          206    .data               main.o
    0x2000009e   0x0800762e   0x00000001   Data   RW          207    .data               main.o
    0x2000009f   0x0800762f   0x00000001   PAD
    0x200000a0   0x08007630   0x00000004   Data   RW          351    .data               can.o
    0x200000a4   0x08007634   0x0000000c   Data   RW         1846    .data               stm32f4xx_hal.o
    0x200000b0   0x08007640   0x00000004   Data   RW         3441    .data               system_stm32f4xx.o
    0x200000b4   0x08007644   0x00000004   PAD
    0x200000b8   0x08007648   0x00000008   Data   RW         3481    .data               motorctrl.o
    0x200000c0        -       0x00000130   Zero   RW           22    .bss                bsp_can.o
    0x200001f0        -       0x00000071   Zero   RW          199    .bss                main.o
    0x20000261   0x08007650   0x00000003   PAD
    0x20000264        -       0x00000020   Zero   RW          314    .bss                gpio.o
    0x20000284        -       0x00000050   Zero   RW          350    .bss                can.o
    0x200002d4        -       0x0000000c   Zero   RW          420    .bss                iwdg.o
    0x200002e0        -       0x00000048   Zero   RW          452    .bss                tim.o
    0x20000328        -       0x00000148   Zero   RW          495    .bss                usart.o
    0x20000470        -       0x000000e0   Zero   RW         3480    .bss                motorctrl.o
    0x20000550        -       0x000002c0   Zero   RW         3538    .bss                pidctl.o
    0x20000810        -       0x00000090   Zero   RW         3571    .bss                pidctl_data.o
    0x200008a0        -       0x00000060   Zero   RW         3880    .bss                c_w.l(libspace.o)
    0x20000900        -       0x00000200   Zero   RW            2    HEAP                startup_stm32f407xx.o
    0x20000b00        -       0x00000400   Zero   RW            1    STACK               startup_stm32f407xx.o


    Execution Region RW_IRAM2 (Exec base: 0x2001c000, Load base: 0x08007650, Size: 0x00000000, Max: 0x00004000, ABSOLUTE)

    **** No section assigned to this execution region ****


==============================================================================

Image component sizes


      Code (inc. data)   RO Data    RW Data    ZI Data      Debug   Object Name

       586         66          0         18        304     710129   bsp_can.o
       254         46          0          0          0       1772   calculate.o
       420         42          0          4         80       2634   can.o
        28          6          0          0          0        543   delay.o
        60          4          0          0          0        838   dma.o
       320         24          0          0         32       2137   gpio.o
        44          8          0          0         12        779   iwdg.o
      3120        266          0        135        113       9562   main.o
      2288        106          0          8        224       6179   motorctrl.o
      2266        168          0          0        704       8423   pidctl.o
         0          0          0          0        144       3025   pidctl_data.o
        64         26        392          0       1536        872   startup_stm32f407xx.o
       144         24          0         12          0       8961   stm32f4xx_hal.o
      1658          6          0          0          0      14803   stm32f4xx_hal_can.o
       198         14          0          0          0      34099   stm32f4xx_hal_cortex.o
      1084         16          8          0          0       7590   stm32f4xx_hal_dma.o
       520         52          0          0          0       2243   stm32f4xx_hal_gpio.o
       102          0          0          0          0       1967   stm32f4xx_hal_iwdg.o
        48          6          0          0          0        910   stm32f4xx_hal_msp.o
      1356         78          0          0          0       5908   stm32f4xx_hal_rcc.o
       784         72          0          0          0       7057   stm32f4xx_hal_tim.o
         4          0          0          0          0       1681   stm32f4xx_hal_tim_ex.o
      1722         30          0          0          0      12407   stm32f4xx_hal_uart.o
       162         54          0          0          0      10438   stm32f4xx_it.o
        16          4         24          4          0       1211   system_stm32f4xx.o
       116         20          0          0         72       1712   tim.o
       424         46          0          0        328       2741   usart.o

    ----------------------------------------------------------------------
     17820       1184        462        192       3552     860621   Object Totals
         0          0         32          0          0          0   (incl. Generated)
        32          0          6         11          3          0   (incl. Padding)

    ----------------------------------------------------------------------

      Code (inc. data)   RO Data    RW Data    ZI Data      Debug   Library Member Name

         8          0          0          0          0         68   __main.o
         0          0          0          0          0          0   __rtentry.o
        12          0          0          0          0          0   __rtentry2.o
         6          0          0          0          0          0   __rtentry4.o
        52          8          0          0          0          0   __scatter.o
        26          0          0          0          0          0   __scatter_copy.o
        28          0          0          0          0          0   __scatter_zi.o
        22          0          0          0          0        100   _rserrno.o
        18          0          0          0          0         80   exit.o
         6          0          0          0          0        152   heapauxi.o
         0          0          0          0          0          0   indicate_semi.o
         2          0          0          0          0          0   libinit.o
         6          0          0          0          0          0   libinit2.o
         2          0          0          0          0          0   libshutdown.o
         2          0          0          0          0          0   libshutdown2.o
         8          4          0          0         96         68   libspace.o
       238          0          0          0          0        100   lludivv7m.o
         8          4          0          0          0         68   rt_errno_addr_intlibspace.o
        78          0          0          0          0         80   rt_memclr_w.o
         2          0          0          0          0          0   rtexit.o
        10          0          0          0          0          0   rtexit2.o
        12          4          0          0          0         68   sys_exit.o
        74          0          0          0          0         80   sys_stackheap_outer.o
         2          0          0          0          0         68   use_no_semi.o
        24          0          0          0          0        164   basic.o
       826         16          0          0          0        492   daddsub_clz.o
        16          4          0          0          0        116   dcheck1.o
        24          0          0          0          0        116   dcmpi.o
       688        140          0          0          0        256   ddiv.o
       120          4          0          0          0        140   deqf.o
        94          4          0          0          0        140   dfix.o
        84          0          0          0          0        232   dflt_clz.o
       120          4          0          0          0        140   dleqf.o
       340         12          0          0          0        152   dmul.o
       156          4          0          0          0        140   dnaninf.o
        12          0          0          0          0        116   dretinf.o
       108          0          0          0          0        128   drleqf.o
       408         56          0          0          0        168   dsqrt_umaal.o
        10          0          0          0          0        116   fpinit.o
       100          0          0          0          0        116   retnan.o
        92          0          0          0          0        116   scalbn.o
        48          0          0          0          0        116   trapv.o
         0          0          0          0          0          0   usenofp.o
       744        106        152          0          0        352   atan.o
       512         64          0          0          0        208   atan2.o
       200         20          0          0          0        164   cos.o
       368         46         48          0          0        200   cos_i.o
       184         44          0          0          0        744   dunder.o
        44          0          0          0          0        248   fabs.o
        48          0          0          0          0        124   fpclassify.o
       248          0          0          0          0        152   poly.o
      3152        296        136          0          0        352   pow.o
         0          0          8          0          0          0   qnan.o
      1080        142        200          0          0        188   rred.o
       200         20          0          0          0        164   sin.o
       304         24         40          0          0        208   sin_i.o
       232          0          0          0          0        296   sqrt.o

    ----------------------------------------------------------------------
     11230       1026        584          0         96       7296   Library Totals
        22          0          0          0          0          0   (incl. Padding)

    ----------------------------------------------------------------------

      Code (inc. data)   RO Data    RW Data    ZI Data      Debug   Library Name

       622         20          0          0         96        932   c_w.l
      3270        244          0          0          0       2964   fz_wm.l
      7316        762        584          0          0       3400   m_wm.l

    ----------------------------------------------------------------------
     11230       1026        584          0         96       7296   Library Totals

    ----------------------------------------------------------------------

==============================================================================


      Code (inc. data)   RO Data    RW Data    ZI Data      Debug   

     29050       2210       1046        192       3648     851153   Grand Totals
     29050       2210       1046        192       3648     851153   ELF Image Totals
     29050       2210       1046        192          0          0   ROM Totals

==============================================================================

    Total RO  Size (Code + RO Data)                30096 (  29.39kB)
    Total RW  Size (RW Data + ZI Data)              3840 (   3.75kB)
    Total ROM Size (Code + RO Data + RW Data)      30288 (  29.58kB)

==============================================================================

